  401450      8E5 Code                ABBREAK_TEXT
  401D38     5784 Code                ABBROWSE_TEXT
  4074BC      867 Code                ABDROPS_TEXT
  407D24     112F Code                ABEIP_TEXT
  408E54     28B4 Code                ABERROR_TEXT
  40B708     6A47 Code                ABFILE_TEXT
  412150      159 Code                ABFUZZY_TEXT
  4122AC     2288 Code                ABPOPUP_TEXT
  414534     27F6 Code                ABQUERY_TEXT
  416D2C     4BC1 Code                ABREPORT_TEXT
  41B8F0     1D40 Code                ABRESIZE_TEXT
  41D630       37 Code                ABRPATMG_TEXT
  41D668      EB9 Code                ABRPPSEL_TEXT
  41E524      8C2 Code                ABTOOLBA_TEXT
  41EDE8     4375 Code                ABUTIL_TEXT
  423160     1DF6 Code                ABWINDOW_TEXT
  424F58     56E6 Code                ABWMFPAR_TEXT
  42A640     260D Code                BRWEXT_TEXT
  42CC50       80 Code                CWSYNCHC_TEXT
  42CCD0       23 Code                IEXE32_TEXT
  42CCF4      67B Code                INIT_TEXT
  42D370       37 Code                INST00_TEXT
  42D3A8     59E7 Code                KUCINASVENAPPV7001_TEXT
  432D90     26AB Code                KUCINASVENAPPV7002_TEXT
  43543C     1B5F Code                KUCINASVENAPPV7_BC0_TEXT
  436F9C       13 Code                KUCINASVENAPPV7_BC_TEXT
  436FB0       B0 Code                KUCINASVENAPPV7_TEXT
  438000     1290 Initialized Data    $DEFAULTERRORS_DATA
  439290       6F Initialized Data    ABBREAK_CONST
  439300      101 Initialized Data    ABBROWSE_CONST
  439404      DB4 Initialized Data    ABBROWSE_DATA
  43A1B8        6 Initialized Data    ABDROPS_CONST
  43A1C0      240 Initialized Data    ABDROPS_DATA
  43A400       23 Initialized Data    ABEIP_CONST
  43A424       B4 Initialized Data    ABEIP_DATA
  43A4D8      16F Initialized Data    ABERROR_CONST
  43A648      AA4 Initialized Data    ABERROR_DATA
  43B0EC       CD Initialized Data    ABFILE_CONST
  43B1BC      410 Initialized Data    ABFILE_DATA
  43B5CC       B4 Initialized Data    ABFUZZY_DATA
  43B680       2D Initialized Data    ABPOPUP_CONST
  43B6B0      128 Initialized Data    ABPOPUP_DATA
  43B7D8       D6 Initialized Data    ABQUERY_CONST
  43B8B0       87 Initialized Data    ABQUERY_DATA
  43B938      12E Initialized Data    ABREPORT_CONST
  43BA68      944 Initialized Data    ABREPORT_DATA
  43C3AC       28 Initialized Data    ABRESIZE_CONST
  43C3D4      23F Initialized Data    ABRESIZE_DATA
  43C614        1 Initialized Data    ABRPATMG_CONST
  43C618       44 Initialized Data    ABRPATMG_DATA
  43C65C       7F Initialized Data    ABRPPSEL_CONST
  43C6DC      11D Initialized Data    ABRPPSEL_DATA
  43C7FC      390 Initialized Data    ABTOOLBA_DATA
  43CB8C       8A Initialized Data    ABUTIL_CONST
  43CC18      569 Initialized Data    ABUTIL_DATA
  43D184       9B Initialized Data    ABWINDOW_DATA
  43D220      101 Initialized Data    ABWMFPAR_CONST
  43D324      E61 Initialized Data    ABWMFPAR_DATA
  43E188       25 Initialized Data    BRWEXT_CONST
  43E1B0       60 Initialized Data    BRWEXT_DATA
  43E210       48 Initialized Data    CWSYNCHC_DATA
  43E258        E Initialized Data    CWUTIL_CONST
  43E268       36 Initialized Data    CWUTIL_DATA
  43E2A0       44 Initialized Data    IEXE32_DATA
  43E2E4      208 Initialized Data    KUCINASVENAPPV7001_CONST
  43E4EC     4D80 Initialized Data    KUCINASVENAPPV7001_DATA
  44326C      12C Initialized Data    KUCINASVENAPPV7002_CONST
  443398     1D28 Initialized Data    KUCINASVENAPPV7002_DATA
  4450C0      582 Initialized Data    KUCINASVENAPPV7_BC0_CONST
  445644     1740 Initialized Data    KUCINASVENAPPV7_BC0_DATA
  446D84      1AD Initialized Data    KUCINASVENAPPV7_CONST
  446F34      340 Initialized Data    KUCINASVENAPPV7_DATA
  447274        0 Initialized Data    __CPPINI_CONS
  447274      2D8 Initialized Data    __CPPINI_CONST
  44754C        4 Initialized Data    __CPPINI_END
  447550        0 Initialized Data    __INIVMT_CONS
  447550      2A8 Initialized Data    __INIVMT_CONST
  4477F8        0 Initialized Data    __INIVMT_CONST_END
  447800     1623 Un-initialized Data $FUZZYMATCHER_BSS
  448E24       40 Un-initialized Data ABEIP_BSS
  448E64      404 Un-initialized Data ABERROR_BSS
  449268       10 Un-initialized Data ABFILE_BSS
  449278        4 Un-initialized Data ABFUZZY_BSS
  44927C      104 Un-initialized Data ABUTIL_BSS
  449380        0 Un-initialized Data ABWMFPAR_BSS
  449380        0 Un-initialized Data CWUTIL_BSS
  449380      14C Un-initialized Data KUCINASVENAPPV7_BSS
  44A000        8 __T_L_S__DAT
  44A008      6F8 __T_L_S__DATA
  44A700        0 __T_L_S__DATA_END
  44A700        0 __T_L_S__BS
  44A700    135C4 __T_L_S__BSS
  45DCC4        0 __T_L_S__BSS_END

  401450 EVALUATELEVEL@F17LEVELMANAGERCLASSs
  4014DC RESTORERESETBUFFER@F17LEVELMANAGERCLASSs
  401554 SAVERESETBUFFER@F17LEVELMANAGERCLASSs
  4015EC RESTOREBUFFEROFF@F17LEVELMANAGERCLASS
  401640 RESTOREBUFFERON@F17LEVELMANAGERCLASS
  4016AC SAVEBUFFER@F17LEVELMANAGERCLASS
  401700 REFRESHFIELDS@F17LEVELMANAGERCLASSs
  401838 RESETTOTALS@F17LEVELMANAGERCLASSs
  40190C ASKLEVELOFF@F17LEVELMANAGERCLASSs
  4019D4 ASKLEVELON@F17LEVELMANAGERCLASSs
  401A40 ASKLEVEL@F17LEVELMANAGERCLASSUc
  401B00 RESET@F17LEVELMANAGERCLASS
  401C8C ASKBREAK@F17BREAKMANAGERCLASSUc
  401CE4 RESET@F17BREAKMANAGERCLASS
  402354 KILL_@_WINDOWCOMPONENT_@_BROWSECLASS@F15WINDOWCOMPONENT
  402364 RESET_@_WINDOWCOMPONENT_@_BROWSECLASS@F15WINDOWCOMPONENTUc
  402378 RESETREQUIRED_@_WINDOWCOMPONENT_@_BROWSECLASS@F15WINDOWCOMPONENT
  402388 SETALERTS_@_WINDOWCOMPONENT_@_BROWSECLASS@F15WINDOWCOMPONENT
  40239C TAKEEVENT_@_WINDOWCOMPONENT_@_BROWSECLASS@F15WINDOWCOMPONENT
  4023B0 UPDATE_@_WINDOWCOMPONENT_@_BROWSECLASS@F15WINDOWCOMPONENT
  4023C4 UPDATEWINDOW_@_WINDOWCOMPONENT_@_BROWSECLASS@F15WINDOWCOMPONENT
  4023D8 DOSHOWWAITCURSOR@F11BROWSECLASSUc
  402410 SHOWWAITCURSOR@F11BROWSECLASSUc
  402424 SETUSEWAITCURSOR@F11BROWSECLASSUc
  40242C UPDATEWINDOW@F11BROWSECLASS
  40260C UPDATEVIEWRECORD@F11BROWSECLASS
  4026F0 UPDATETOOLBARBUTTONS@F11BROWSECLASS
  402778 UPDATETHUMBFIXED@F11BROWSECLASS
  402928 UPDATETHUMB@F11BROWSECLASS
  402BCC UPDATERESETS@F11BROWSECLASS
  402BE0 UPDATEBUFFER@F11BROWSECLASS
  402C18 TAKEVCRSCROLL@F11BROWSECLASSl
  402D00 TAKESCROLL@F11BROWSECLASSl
  402D84 TAKENEWSELECTION@F11BROWSECLASS
  402E18 TAKELOCATE@F11BROWSECLASS
  402E90 TAKEKEY@F11BROWSECLASS
  403134 TAKEEVENT@F11BROWSECLASS
  403844 TAKECHOICECHANGED@F11BROWSECLASS
  4038AC TAKEACCEPTEDLOCATOR@F11BROWSECLASS
  4039A0 GETUSEMRP@F11BROWSECLASS
  4039A4 SETUSEMRP@F11BROWSECLASSUc
  4039A8 SETUSEPOPUP@F11BROWSECLASSUc
  4039AC SETSORT@F11BROWSECLASSUcUc
  403AE8 SETQUEUERECORD@F11BROWSECLASS
  403B08 SETALERTS@F11BROWSECLASS
  40401C SCROLLPAGE@F11BROWSECLASSl
  404100 SCROLLONE@F11BROWSECLASSl
  404160 SCROLLEND@F11BROWSECLASSl
  4041D8 SAVESORT@F11BROWSECLASS
  4042CC RESTORESORT@F11BROWSECLASS
  4043D0 RESETTHUMBLIMITS@F11BROWSECLASS
  40450C RESETSORT@F11BROWSECLASSUc
  404530 RESETRESETS@F11BROWSECLASS
  404544 RESETQUEUE@F11BROWSECLASSUc
  404AEC RESETFROMVIEW@F11BROWSECLASS
  404B24 RESETFROMFILE@F11BROWSECLASS
  404B48 RESETFROMBUFFER@F11BROWSECLASS
  404BB8 RESETFROMASK@F11BROWSECLASSRUcRUc
  404DB0 REPLACESORT@F11BROWSECLASSsb12LOCATORCLASS9STEPCLASS
  404E88 RECORDS@F11BROWSECLASS
  404EF0 PREVIOUS@F11BROWSECLASS
  404F3C POSTNEWSELECTION@F11BROWSECLASS
  404F94 NOTIFYUPDATEERROR@F11BROWSECLASS
  404FB4 NEXT@F11BROWSECLASS
  405000 KILL@F11BROWSECLASS
  405244 INITSORT@F11BROWSECLASSUc
  405298 INIT@F11BROWSECLASS12ILISTCONTROLBi11BROWSEQUEUE15RELATIONMANAGER13WINDOWMANAGER
  4053A4 INIT@F11BROWSECLASSlRsbBiBq15RELATIONMANAGER13WINDOWMANAGER
  405408 FETCH@F11BROWSECLASSUc
  405694 CHECKEIP@F11BROWSECLASS
  405758 ASKRECORD@F11BROWSECLASSUc
  40576C ASK@F11BROWSECLASSUc
  40583C APPLYRANGE@F11BROWSECLASS
  4058A8 ADDTOOLBARTARGET@F11BROWSECLASS12TOOLBARCLASS
  4058FC ADDSORTORDER@F11BROWSECLASS9STEPCLASSBk
  405978 ADDLOCATOR@F11BROWSECLASS12LOCATORCLASS
  405994 ADDFIELD@F11BROWSECLASSRsbRsb
  4059F0 ADDFIELD@F11BROWSECLASSRuRu
  405A30 ADDEDITCONTROL@F11BROWSECLASS9EDITCLASSlUc
  405A44 SETLOCATORFROMSORT@F11BROWSECLASS
  405AE0 RECORDS_@_BROWSEQUEUE_@_STANDARDBEHAVIOR@F11BROWSEQUEUE
  405AEC INSERT_@_BROWSEQUEUE_@_STANDARDBEHAVIOR@F11BROWSEQUEUE
  405AF8 INSERT_@_BROWSEQUEUE_@_STANDARDBEHAVIOR@F11BROWSEQUEUEl
  405B04 FETCH_@_BROWSEQUEUE_@_STANDARDBEHAVIOR@F11BROWSEQUEUEl
  405B10 UPDATE_@_BROWSEQUEUE_@_STANDARDBEHAVIOR@F11BROWSEQUEUE
  405B1C DELETE_@_BROWSEQUEUE_@_STANDARDBEHAVIOR@F11BROWSEQUEUE
  405B28 FREE_@_BROWSEQUEUE_@_STANDARDBEHAVIOR@F11BROWSEQUEUE
  405B34 WHO_@_BROWSEQUEUE_@_STANDARDBEHAVIOR@F11BROWSEQUEUEl
  405B44 GETVIEWPOSITION_@_BROWSEQUEUE_@_STANDARDBEHAVIOR@F11BROWSEQUEUE
  405B5C SETVIEWPOSITION_@_BROWSEQUEUE_@_STANDARDBEHAVIOR@F11BROWSEQUEUEsb
  405B94 CHOICE_@_ILISTCONTROL_@_STANDARDBEHAVIOR@F12ILISTCONTROL
  405BA0 GETCONTROL_@_ILISTCONTROL_@_STANDARDBEHAVIOR@F12ILISTCONTROL
  405BA4 GETITEMS_@_ILISTCONTROL_@_STANDARDBEHAVIOR@F12ILISTCONTROL
  405BD8 GETVISIBLE_@_ILISTCONTROL_@_STANDARDBEHAVIOR@F12ILISTCONTROL
  405C0C SETCHOICE_@_ILISTCONTROL_@_STANDARDBEHAVIOR@F12ILISTCONTROLl
  405C60 SETCONTROL_@_ILISTCONTROL_@_STANDARDBEHAVIOR@F12ILISTCONTROLl
  405C64 GETSELECTEDITEM_@_ILISTCONTROL_@_STANDARDBEHAVIOR@F12ILISTCONTROL
  405CC0 INIT@F16STANDARDBEHAVIORBqRsbl
  405CD8 TAKENEWSELECTION@F16BROWSEEIPMANAGER
  405D70 TAKECOMPLETED@F16BROWSEEIPMANAGERUc
  405F58 KILL@F16BROWSEEIPMANAGER
  405F8C INIT@F16BROWSEEIPMANAGER
  406350 CLEARCOLUMN@F16BROWSEEIPMANAGER
  406398 UPDATEWINDOW@F17ENTRYLOCATORCLASS
  4063A8 UPDATE@F17ENTRYLOCATORCLASS
  40649C TAKEKEY@F17ENTRYLOCATORCLASS
  4064F4 TAKEACCEPTED@F17ENTRYLOCATORCLASS
  4065AC SETSHADOW@F17ENTRYLOCATORCLASSsb
  4065E8 SET@F17ENTRYLOCATORCLASS
  406654 GETSHADOW@F17ENTRYLOCATORCLASS
  406664 INIT@F17ENTRYLOCATORCLASSlRuUc
  4066FC TAKEKEY@F16STEPLOCATORCLASS
  406928 SET@F16STEPLOCATORCLASS
  40692C INIT@F16STEPLOCATORCLASSlRuUc
  406954 UPDATEWINDOW@F12LOCATORCLASS
  40695C TAKEACCEPTED@F12LOCATORCLASS
  406960 SETSHADOW@F12LOCATORCLASSsb
  40697C SETENABLED@F12LOCATORCLASSUc
  4069C0 SETALERTS@F12LOCATORCLASSl
  4069C4 SETLOCATORFIELD@F12LOCATORCLASSRu
  406A18 SET@F12LOCATORCLASS
  406A48 RESET@F12LOCATORCLASS
  406A4C INIT@F12LOCATORCLASSlRuUc11BROWSECLASS
  406A80 INIT@F12LOCATORCLASSlRuUc
  406A9C GETSHADOW@F12LOCATORCLASS
  406AB8 DESTRUCT@F12LOCATORCLASS
  406ACC UNHASH@F15STEPSTRINGCLASSl
  406B5C SETLIMITNEEDED@F15STEPSTRINGCLASS
  406B70 SETLIMIT@F15STEPSTRINGCLASSuu
  406E58 KILL@F15STEPSTRINGCLASS
  406E84 INIT@F15STEPSTRINGCLASSUcUc
  4070A0 HASH@F15STEPSTRINGCLASSsb
  407158 GETVALUE@F15STEPSTRINGCLASSUc
  4071B0 GETPERCENTILE@F15STEPSTRINGCLASSu
  4072BC SETLIMIT@F13STEPLONGCLASSuu
  4073A8 GETVALUE@F13STEPLONGCLASSUc
  407408 GETPERCENTILE@F13STEPLONGCLASSu
  4074B0 SETLIMITNEEDED@F9STEPCLASS
  4074B4 KILL@F9STEPCLASS
  4074B8 INIT@F9STEPCLASSUc
  4074BC KILL_@_WINDOWCOMPONENT_@_FILEDROPCLASS@F15WINDOWCOMPONENT
  4074CC RESET_@_WINDOWCOMPONENT_@_FILEDROPCLASS@F15WINDOWCOMPONENTUc
  4074E4 RESETREQUIRED_@_WINDOWCOMPONENT_@_FILEDROPCLASS@F15WINDOWCOMPONENT
  4074F0 SETALERTS_@_WINDOWCOMPONENT_@_FILEDROPCLASS@F15WINDOWCOMPONENT
  4074F4 TAKEEVENT_@_WINDOWCOMPONENT_@_FILEDROPCLASS@F15WINDOWCOMPONENT
  40752C UPDATE_@_WINDOWCOMPONENT_@_FILEDROPCLASS@F15WINDOWCOMPONENT
  407530 UPDATEWINDOW_@_WINDOWCOMPONENT_@_FILEDROPCLASS@F15WINDOWCOMPONENT
  407534 GETUSEMRP@F13FILEDROPCLASS
  407538 SETUSEMRP@F13FILEDROPCLASSUc
  40753C VALIDATERECORD@F13FILEDROPCLASS
  407544 TAKENEWSELECTION@F13FILEDROPCLASSl
  407618 TAKENEWSELECTION@F13FILEDROPCLASS
  407630 TAKEEVENT@F13FILEDROPCLASS
  407680 TAKEACCEPTED@F13FILEDROPCLASS
  407684 SETQUEUERECORD@F13FILEDROPCLASS
  4076A8 RESETQUEUE@F13FILEDROPCLASSUc
  407A0C KILL@F13FILEDROPCLASS
  407A54 INIT@F13FILEDROPCLASSlRsbBiBq15RELATIONMANAGER13WINDOWMANAGER
  407C34 BUFFERMATCHES@F13FILEDROPCLASS
  407C90 ADDUPDATEFIELD@F13FILEDROPCLASSRuRu
  407CD0 ADDRECORD@F13FILEDROPCLASS
  407CE4 ADDFIELD@F13FILEDROPCLASSRuRu
  407D24 TAKENEWSELECTION@F10EIPMANAGER
  407D9C TAKEFOCUSLOSS@F10EIPMANAGER
  407DF0 TAKEFIELDEVENT@F10EIPMANAGER
  407F40 TAKEEVENT@F10EIPMANAGER
  407FD0 TAKECOMPLETED@F10EIPMANAGERUc
  40801C TAKEACTION@F10EIPMANAGERl
  408324 TAKEACCEPTALL@F10EIPMANAGER
  408470 RUN@F10EIPMANAGERUc
  408508 RESETCOLUMN@F10EIPMANAGER
  4085D0 GETEDIT@F10EIPMANAGER
  40862C NEXT@F10EIPMANAGER
  408708 KILL@F10EIPMANAGER
  408890 INITCONTROLS@F10EIPMANAGER
  408A9C INIT@F10EIPMANAGER
  408B08 CLEARCOLUMN@F10EIPMANAGER
  408B50 ADDCONTROL@F10EIPMANAGER9EDITCLASSlUc
  408BAC CREATECONTROL@F14EDITENTRYCLASS
  408BD0 RESETCONTROL@F9EDITCLASS
  408BD4 GETFEQ@F9EDITCLASS
  408BD8 TAKEEVENT@F9EDITCLASSl
  408C20 TAKEACCEPTED@F9EDITCLASSUc
  408C38 SETREADONLY@F9EDITCLASSUc
  408C94 SETALERTS@F9EDITCLASS
  408D94 KILL@F9EDITCLASS
  408DC4 INIT@F9EDITCLASSllRu
  408F70 KILL_@_WINDOWCOMPONENT_@_HISTHANDLERCLASS@F15WINDOWCOMPONENT
  408F74 RESET_@_WINDOWCOMPONENT_@_HISTHANDLERCLASS@F15WINDOWCOMPONENTUc
  408F78 RESETREQUIRED_@_WINDOWCOMPONENT_@_HISTHANDLERCLASS@F15WINDOWCOMPONENT
  408F7C SETALERTS_@_WINDOWCOMPONENT_@_HISTHANDLERCLASS@F15WINDOWCOMPONENT
  408F80 TAKEEVENT_@_WINDOWCOMPONENT_@_HISTHANDLERCLASS@F15WINDOWCOMPONENT
  408F88 UPDATE_@_WINDOWCOMPONENT_@_HISTHANDLERCLASS@F15WINDOWCOMPONENT
  408F8C UPDATEWINDOW_@_WINDOWCOMPONENT_@_HISTHANDLERCLASS@F15WINDOWCOMPONENT
  408FA0 VLBPROC@F16HISTHANDLERCLASSls
  40904C TAKEEVENT@F16HISTHANDLERCLASS
  409114 INIT@F16HISTHANDLERCLASSBw10ERRORCLASS16ERRORHISTORYLIST
  409120 _VLBPROC@F16HISTHANDLERCLASSls
  409130 TAKEACCEPTED@F11MSGBOXCLASS
  40916C SETUPADDITIONALFEQS@F11MSGBOXCLASS
  4091F4 KILL@F11MSGBOXCLASS
  409234 INIT@F11MSGBOXCLASS
  4094E4 INIT@F11MSGBOXCLASSBw10ERRORCLASSOsbllll
  40957C FETCHSTDBUTTON@F11MSGBOXCLASSs
  4095B0 GETALLSTATUSVARIABLES@F10ERRORCLASS16ERRORSTATUSGROUP
  4095E0 GETERRORBUFFERFATALITY@F10ERRORCLASS
  409610 GETERRORBUFFERTITLE@F10ERRORCLASS
  409648 GETERRORBUFFERID@F10ERRORCLASS
  40966C SETMESSAGETEXT@F10ERRORCLASSsb
  4096BC SETKEYNAME@F10ERRORCLASSsb
  40970C SETFIELDNAME@F10ERRORCLASSsb
  40975C SETFILENAME@F10ERRORCLASSsb
  4097AC STOREERRORENTRY@F10ERRORCLASSUs
  4098DC GETHISTORYRESETONVIEW@F10ERRORCLASS
  409928 SETHISTORYRESETONVIEW@F10ERRORCLASSUc
  409970 GETHISTORYVIEWLEVEL@F10ERRORCLASS
  4099BC SETHISTORYVIEWLEVEL@F10ERRORCLASSl
  409A04 GETHISTORYTHRESHOLD@F10ERRORCLASS
  409A50 SETHISTORYTHRESHOLD@F10ERRORCLASSl
  409A98 GETLOGERRORS@F10ERRORCLASS
  409AE4 GETSILENT@F10ERRORCLASS
  409B30 SETDEFAULTCATEGORY@F10ERRORCLASSsa
  409B78 GETDEFAULTCATEGORY@F10ERRORCLASS
  409BC4 VIEWHISTORY@F10ERRORCLASS
  409BF0 THROWMESSAGE@F10ERRORCLASSssb
  409C40 THROW@F10ERRORCLASSs
  409C54 TAKEUSER@F10ERRORCLASS
  409CB0 TAKEPROGRAM@F10ERRORCLASS
  409CB8 TAKEOTHER@F10ERRORCLASS
  409CC0 TAKENOTIFY@F10ERRORCLASS
  409D0C TAKEFATAL@F10ERRORCLASS
  409D98 TAKEERROR@F10ERRORCLASSs
  409F9C TAKEBENIGN@F10ERRORCLASS
  409FA0 SUBSSTRING@F10ERRORCLASS
  40A354 SETPROCEDURENAME@F10ERRORCLASSOsb
  40A404 GETERRORENTRY@F10ERRORCLASSUs15ERRORENTRYGROUPl
  40A4A8 GETERRORENTRY@F10ERRORCLASSUs15ERRORENTRYGROUP
  40A4DC SETID@F10ERRORCLASSUsl
  40A514 SETID@F10ERRORCLASSUs
  40A530 SETKEY@F10ERRORCLASSsb
  40A56C SETFILE@F10ERRORCLASSsb
  40A5A8 SETFIELD@F10ERRORCLASSsb
  40A5E4 SETERRORS@F10ERRORCLASS
  40A668 SETERRORLOG@F10ERRORCLASS17ERRORLOGINTERFACE
  40A708 SETCATEGORY@F10ERRORCLASSssa
  40A754 RESETHISTORY@F10ERRORCLASS
  40A77C REMOVEERROR@F10ERRORCLASSUs
  40A7BC MESSAGEBOX@F10ERRORCLASSUcsbOsbOsblll
  40A854 MSG@F10ERRORCLASSsbOsbOsblll
  40ABA0 MESSAGE@F10ERRORCLASSsll
  40AC04 KILL@F10ERRORCLASS
  40ACA8 INIT@F10ERRORCLASS16ERRORSTATUSCLASS
  40AD04 INIT@F10ERRORCLASS
  40ADD8 HISTORYMSG@F10ERRORCLASSsblll
  40AF98 GETPROCEDURENAME@F10ERRORCLASS
  40B06C GETCATEGORY@F10ERRORCLASSs
  40B0F4 ADDHISTORY@F10ERRORCLASS
  40B124 ADDERRORS@F10ERRORCLASS10ERRORBLOCK
  40B2D0 ADDERROR@F10ERRORCLASSUsRsbRsbUcsa
  40B37C DESTRUCT@F10ERRORCLASS
  40B398 CONSTRUCT@F10ERRORCLASS
  40B3B0 DESTRUCT@F16ERRORSTATUSCLASS
  40B3E4 CONSTRUCT@F16ERRORSTATUSCLASS
  40B51C CLOSE_@_ERRORLOGINTERFACE_@_STANDARDERRORLOGCLASS@F17ERRORLOGINTERFACEUc
  40B524 OPEN_@_ERRORLOGINTERFACE_@_STANDARDERRORLOGCLASS@F17ERRORLOGINTERFACEUc
  40B52C TAKE_@_ERRORLOGINTERFACE_@_STANDARDERRORLOGCLASS@F17ERRORLOGINTERFACEsb
  40B5D0 CLOSE@F21STANDARDERRORLOGCLASSUc
  40B64C OPEN@F21STANDARDERRORLOGCLASSUc
  40B6F4 DESTRUCT@F21STANDARDERRORLOGCLASS
  40B700 CONSTRUCT@F21STANDARDERRORLOGCLASS
  40B94C REMOVERELATIONFILEMAPPING@F12FILESMANAGER15RELATIONMANAGER
  40B96C REMOVERELATIONFILEMAPPING@F12FILESMANAGERl
  40B988 REMOVEFILEMAPPING@F12FILESMANAGER11FILEMANAGER
  40B9A4 REMOVEFILEMAPPING@F12FILESMANAGERl
  40B9C0 NOTEUSAGE@F12FILESMANAGER11FILEMANAGERUc
  40BA98 NOTEOPEN@F12FILESMANAGER11FILEMANAGER
  40BADC NOTECLOSE@F12FILESMANAGER11FILEMANAGER
  40BB6C GETRELATIONFILEMAPPING@F12FILESMANAGERl
  40BBA4 GETFILEMAPPING@F12FILESMANAGERl
  40BBDC GETFILEID@F12FILESMANAGERBf
  40BBF4 FINDRECORD@F12FILESMANAGER11FILEMANAGER
  40BCA0 ADDFILEMAPPING@F12FILESMANAGER15RELATIONMANAGER
  40BCFC ADDFILEMAPPING@F12FILESMANAGER11FILEMANAGER
  40BD58 DESTRUCT@F12FILESMANAGER
  40BD98 CONSTRUCT@F12FILESMANAGER
  40C4F0 OPENFILE_@_IFILEOPENSERVER_@_UNTHREADEDFILEOPENSERVER@F15IFILEOPENSERVERl
  40C580 CLOSEFILE_@_IFILEOPENSERVER_@_UNTHREADEDFILEOPENSERVER@F15IFILEOPENSERVER
  40C600 LINK_@_IFILEOPENSERVER_@_UNTHREADEDFILEOPENSERVER@F15IFILEOPENSERVER
  40C650 RELEASE_@_IFILEOPENSERVER_@_UNTHREADEDFILEOPENSERVER@F15IFILEOPENSERVER
  40C6DC INIT@F24UNTHREADEDFILEOPENSERVERBf
  40C6F0 DESTRUCT@F24UNTHREADEDFILEOPENSERVER
  40C714 CONSTRUCT@F24UNTHREADEDFILEOPENSERVER
  40C744 OPENFILE_@_IFILEOPENSERVER_@_THREADEDFILEOPENSERVER@F15IFILEOPENSERVERl
  40C770 CLOSEFILE_@_IFILEOPENSERVER_@_THREADEDFILEOPENSERVER@F15IFILEOPENSERVER
  40C780 LINK_@_IFILEOPENSERVER_@_THREADEDFILEOPENSERVER@F15IFILEOPENSERVER
  40C78C RELEASE_@_IFILEOPENSERVER_@_THREADEDFILEOPENSERVER@F15IFILEOPENSERVER
  40C798 RELEASE@F14FILEOPENSERVER
  40C7C4 LINK@F14FILEOPENSERVER
  40C7C8 INIT@F14FILEOPENSERVERBf
  40C7CC DESTRUCT@F14FILEOPENSERVER
  40C7D4 CONSTRUCT@F14FILEOPENSERVER
  40C7E0 VALIDATERECORD@F11VIEWMANAGER
  40C7E4 UNUSEVIEW@F11VIEWMANAGER
  40C87C USEVIEW@F11VIEWMANAGER
  40C940 SETSORT@F11VIEWMANAGERUc
  40C96C SETORDER@F11VIEWMANAGERsb
  40C9FC SETFREEELEMENT@F11VIEWMANAGER
  40CA78 SETFILTER@F11VIEWMANAGERsbsb
  40CBB4 SETFILTER@F11VIEWMANAGERsb
  40CBFC SAVEBUFFERS@F11VIEWMANAGER
  40CCAC RESTOREBUFFERS@F11VIEWMANAGER
  40CD14 RESET@F11VIEWMANAGER
  40CD20 RESET@F11VIEWMANAGERUc
  40CD68 PRIMERECORD@F11VIEWMANAGERUc
  40CEAC PREVIOUS@F11VIEWMANAGER
  40CF10 OPEN@F11VIEWMANAGER
  40CF8C NEXT@F11VIEWMANAGER
  40CFF0 LIMITMAJORCOMPONENTS@F11VIEWMANAGERRu
  40D0AC KILL@F11VIEWMANAGER
  40D204 GETFIRSTSORTFIELD@F11VIEWMANAGER
  40D4E0 GETFIELDASCENDING@F11VIEWMANAGERRu
  40D844 INIT@F11VIEWMANAGERBi15RELATIONMANAGER9SORTORDER
  40D8A4 GETFREEELEMENTPOSITION@F11VIEWMANAGER
  40D8FC GETFREEELEMENTNAME@F11VIEWMANAGER
  40D950 GETFREEELEMENTASCENDING@F11VIEWMANAGER
  40D9A8 CLEARFILESRECORD@F11VIEWMANAGER
  40DA60 CLOSE@F11VIEWMANAGERUc
  40DA7C CLOSE@F11VIEWMANAGER
  40DA88 APPLYRANGE@F11VIEWMANAGER
  40DC54 APPLYORDER@F11VIEWMANAGER
  40DCAC APPLYFILTER@F11VIEWMANAGER
  40E210 APPENDORDER@F11VIEWMANAGERsb
  40E2F0 ADDSORTORDER@F11VIEWMANAGERBk
  40E3BC ADDRANGE@F11VIEWMANAGERRu15RELATIONMANAGER15RELATIONMANAGER
  40E3E4 ADDRANGE@F11VIEWMANAGERRu
  40E444 DESTRUCT@F11VIEWMANAGER
  40E458 DEFEREDADDRELATIONS@F15RELATIONMANAGER
  40E45C UPDATESECONDARY@F15RELATIONMANAGERBk18BUFFEREDPAIRSCLASSUc
  40E5EC UPDATE@F15RELATIONMANAGERUc
  40E800 INSERT@F15RELATIONMANAGER
  40E958 SETOPENRELATED@F15RELATIONMANAGER
  40E960 SETQUICKSCAN@F15RELATIONMANAGERUcUc
  40EA6C SAVE@F15RELATIONMANAGER
  40EAB4 FORCEOPEN@F15RELATIONMANAGERUc
  40EAC4 OPEN@F15RELATIONMANAGERUc
  40EAEC OPENCLOSESERVER@F15RELATIONMANAGERUcUc
  40EC70 LOGOUTINSERT@F15RELATIONMANAGER
  40ED04 LOGOUTUPDATE@F15RELATIONMANAGER
  40ED70 LOGOUTPRIME@F15RELATIONMANAGER
  40EE50 LOGOUTDELETE@F15RELATIONMANAGER
  40EECC LISTLINKINGFIELDS@F15RELATIONMANAGER15RELATIONMANAGER15FIELDPAIRSCLASSUc
  40F03C KILL@F15RELATIONMANAGER
  40F0C0 INIT@F15RELATIONMANAGER11FILEMANAGERUc
  40F0F8 DELETESECONDARY@F15RELATIONMANAGERBk18BUFFEREDPAIRSCLASSUcUc
  40F390 DELETE@F15RELATIONMANAGERUc
  40F5DC CLOSE@F15RELATIONMANAGERUc
  40F5E8 CASCADEUPDATES@F15RELATIONMANAGER
  40F6C4 CANCELAUTOINC@F15RELATIONMANAGER
  40F6D8 ADDRELATIONLINK@F15RELATIONMANAGERRsbRsb
  40F740 ADDRELATIONLINK@F15RELATIONMANAGERRuRu
  40F78C ADDRELATION@F15RELATIONMANAGER15RELATIONMANAGERUcUcBk
  40F7EC ADDRELATION@F15RELATIONMANAGER15RELATIONMANAGER
  40F818 DEFEREDRELATIONS@F15RELATIONMANAGER
  40F840 CONSTRUCT@F15RELATIONMANAGER
  40F848 FUNCTIONCALLED_@_FILECALLBACKINTERFACE_@_FILEMANAGER@F21FILECALLBACKINTERFACEl6PARAMSRscRsc
  40F8F4 FUNCTIONDONE_@_FILECALLBACKINTERFACE_@_FILEMANAGER@F21FILECALLBACKINTERFACEl6PARAMSRscRsc
  40FA40 POSTCREATE@F11FILEMANAGERRscRsc
  40FA48 PRECREATE@F11FILEMANAGERRscRsc
  40FA50 POSTFETCH@F11FILEMANAGERlBksbllRscRsc
  40FA74 PREFETCH@F11FILEMANAGERlBksbllRscRsc
  40FA98 POSTUPDATE@F11FILEMANAGERRscRsc
  40FAA0 PREUPDATE@F11FILEMANAGERllRscRsc
  40FAA8 POSTINSERT@F11FILEMANAGERRscRsc
  40FAB0 PREINSERT@F11FILEMANAGERllRscRsc
  40FAB8 POSTDELETE@F11FILEMANAGERRscRsc
  40FAC0 PREDELETE@F11FILEMANAGERRscRsc
  40FAC8 FUNCTIONDONE@F11FILEMANAGERl6PARAMSRscRsc
  40FBFC FUNCTIONCALLED@F11FILEMANAGERl6PARAMSRscRsc
  40FD60 GETHASAUTOINC@F11FILEMANAGER
  40FD68 GETAUTOINCDONE@F11FILEMANAGER
  40FD70 GETMRPSIZE@F11FILEMANAGER
  40FD78 SETMRPSIZE@F11FILEMANAGERUc
  40FD80 GETUSEMRP@F11FILEMANAGER
  40FD88 SETUSEMRP@F11FILEMANAGERUc
  40FD90 DELETED@F11FILEMANAGER
  40FD94 DELETERECORD@F11FILEMANAGERUc
  40FDE8 VALIDATERECORD@F11FILEMANAGERPl
  40FEA0 VALIDATEFIELDS@F11FILEMANAGERllPl
  40FF5C VALIDATEFIELDSERVER@F11FILEMANAGERlUc
  40FFC8 TRYVALIDATEFIELD@F11FILEMANAGERl
  40FFD8 VALIDATEFIELD@F11FILEMANAGERl
  40FFE8 USEFILE@F11FILEMANAGERUc
  4100DC UPDATESERVER@F11FILEMANAGERUc
  4101D4 UPDATE@F11FILEMANAGER
  4101E0 TRYUPDATE@F11FILEMANAGER
  4101EC TRYREGET@F11FILEMANAGERsb
  410294 TRYPRIMEAUTOINC@F11FILEMANAGER
  4102A0 TRYPREVIOUS@F11FILEMANAGER
  4102B0 TRYOPEN@F11FILEMANAGER
  4102C0 TRYNEXT@F11FILEMANAGER
  4102D0 TRYINSERT@F11FILEMANAGER
  4102DC TRYFETCH@F11FILEMANAGERBk
  410324 THROWMESSAGE@F11FILEMANAGERUssb
  410378 THROW@F11FILEMANAGER
  41039C THROW@F11FILEMANAGERUs
  4103B4 SETKEY@F11FILEMANAGERBk
  41040C SETERRORS@F11FILEMANAGER10ERRORCLASS
  410410 SETERROR@F11FILEMANAGERUs
  410428 SAVEFILE@F11FILEMANAGER
  410544 SAVEBUFFER@F11FILEMANAGER
  41069C RESTOREFILE@F11FILEMANAGERRUs11FILEMANAGERUc
  4107CC RESTOREFILE@F11FILEMANAGERRUsUc
  4107DC RESTOREBUFFER@F11FILEMANAGERRUs11FILEMANAGERUc
  41094C RESTOREBUFFER@F11FILEMANAGERRUsUc
  41095C PRIMERECORD@F11FILEMANAGERUc
  410A68 PRIMEFIELDS@F11FILEMANAGER
  410A6C PRIMEAUTOINCSERVER@F11FILEMANAGERUc
  41101C PRIMEAUTOINC@F11FILEMANAGER
  411028 PREVIOUS@F11FILEMANAGER
  411038 POSITION@F11FILEMANAGER
  4110B8 OPENSERVER@F11FILEMANAGERUcUc
  411118 OPENFILE@F11FILEMANAGERUc
  411338 OPEN@F11FILEMANAGER
  411348 NEXTSERVER@F11FILEMANAGERUcUc
  411464 NEXT@F11FILEMANAGER
  411474 KILL@F11FILEMANAGER
  4114B8 KEYTOORDER@F11FILEMANAGERBkUc
  411604 ISOPENED@F11FILEMANAGER
  411624 INSERTSERVER@F11FILEMANAGERUc
  41183C INSERT@F11FILEMANAGER
  411848 INIT@F11FILEMANAGERBf10ERRORCLASS
  411928 INIT@F11FILEMANAGER
  411964 GETOPENED@F11FILEMANAGER
  41196C GETNAME@F11FILEMANAGER
  4119F4 GETFIELDNAME@F11FILEMANAGERBkUc
  411A44 GETFIELDASCENDING@F11FILEMANAGERBkUc
  411A78 GETFIELD@F11FILEMANAGERBkUc
  411AB4 GETEOF@F11FILEMANAGER
  411ABC GETCOMPONENTS@F11FILEMANAGERBk
  411AD8 FETCH@F11FILEMANAGERBk
  411B10 EQUALBUFFER@F11FILEMANAGERRUs
  411C4C CLOSE@F11FILEMANAGER
  411CE0 CLEARKEY@F11FILEMANAGERBkUcUcUc
  411D90 CANCELAUTOINC@F11FILEMANAGER15RELATIONMANAGER
  411E00 BINDFIELDS@F11FILEMANAGER
  411E24 ADDKEY@F11FILEMANAGERBksbUc
  41211C DESTRUCT@F11FILEMANAGER
  412150 SETOPTION@F10FUZZYCLASSUcUc
  4121B4 KILL@F10FUZZYCLASS
  4121B8 INIT@F10FUZZYCLASS
  4121CC CONSTRUCT@F10FUZZYCLASS
  412540 TOOLBOX@F10POPUPCLASSsb
  4125CC SETTRANSLATOR@F10POPUPCLASS15TRANSLATORCLASS
  4125DC SETTOOLBOX@F10POPUPCLASSsbUc
  412648 SETICON@F10POPUPCLASSsbsb
  4126C0 SETITEMENABLE@F10POPUPCLASSsbUc
  41276C SETITEMCHECK@F10POPUPCLASSsbUc
  412818 SETITEM@F10POPUPCLASSllsbsb
  412A34 RESETTOOLBOX@F10POPUPCLASS
  412E3C LOCATENAME@F10POPUPCLASSsb
  412EC0 KILL@F10POPUPCLASS
  412EDC INIT@F10POPUPCLASS
  412F10 GETNAME@F10POPUPCLASSl
  413038 GETMENUTEXT@F10POPUPCLASS
  413320 GETLASTSELECTION@F10POPUPCLASS
  413330 GETITEMS@F10POPUPCLASSUc
  4133DC EXECUTEPOPUP@F10POPUPCLASSsbllUc
  4134B4 EMPTYITEMS@F10POPUPCLASS
  4134C0 DELETEITEM@F10POPUPCLASSsb
  413508 CHECKMIMICS@F10POPUPCLASS
  4136C8 ASKTOOLBOX@F10POPUPCLASSsb
  413B6C ASK@F10POPUPCLASSllUc
  413CC8 ASK@F10POPUPCLASSll
  413CD8 ADDSUBMENU@F10POPUPCLASSsbsbsb
  413D98 ADDSUBMENU@F10POPUPCLASSsbsb
  413E00 ADDMENU@F10POPUPCLASSsbUc
  413F5C ADDITEMMIMIC@F10POPUPCLASSsblOsb
  41403C ADDITEMEVENT@F10POPUPCLASSsbll
  414120 ADDITEM@F10POPUPCLASSsbsbsbUc
  4141B4 ADDITEM@F10POPUPCLASSsbsb
  414224 ADDITEM@F10POPUPCLASSsb
  414C7C CLEARQUERY@F10QUERYCLASS
  414D24 GETQUERIES@F10QUERYCLASS11SECTORQUEUE
  414DC4 RESTORE@F10QUERYCLASSsb
  415554 TAKE@F10QUERYCLASS10POPUPCLASS
  4155F4 SAVE@F10QUERYCLASSsb
  415750 SETQUICKPOPUP@F10QUERYCLASS10POPUPCLASSUs
  415D08 QUOTE@F10QUERYCLASSsb
  415DEC GETLIMIT@F10QUERYCLASSRscRscRUcUcRsc
  4163A8 GETFILTER@F10QUERYCLASS
  4168B4 MAKEOPERATOR@FsbsbRscRsc
  416C80 MAKEOPERATOR@Fsbsb
  417560 SETPOSITION@F16PAGEMANAGERCLASSlllll
  417618 SETCENTRE@F16PAGEMANAGERCLASSlUcUc
  41767C KILL@F16PAGEMANAGERCLASS
  4176D8 INIT@F16PAGEMANAGERCLASS17PRINTPREVIEWCLASSllRsb
  4177F4 HIGHLIGHT@F16PAGEMANAGERCLASSl
  417874 GETPROP@F16PAGEMANAGERCLASSll
  4178D4 EXISTS@F16PAGEMANAGERCLASSl
  4178F0 DRAW@F16PAGEMANAGERCLASSll
  417FF0 DELETE@F16PAGEMANAGERCLASSl
  418038 DELETE@F16PAGEMANAGERCLASS
  418058 COORDCONTAINED@F16PAGEMANAGERCLASSll
  41816C TAKEWINDOWEVENT@F13REPORTMANAGER
  41838C TAKERECORD@F13REPORTMANAGER
  4184AC TAKENORECORDS@F13REPORTMANAGER
  4184BC TAKECLOSEEVENT@F13REPORTMANAGER
  4186BC TAKEACCEPTED@F13REPORTMANAGER
  4186EC SETDYNAMICCONTROLSATTRIBUTES@F13REPORTMANAGER
  4186F0 SETSTATICCONTROLSATTRIBUTES@F13REPORTMANAGER
  4186F4 PROCESSRESULTFILES@F13REPORTMANAGER15OUTPUTFILEQUEUE
  4186F8 OPENREPORT@F13REPORTMANAGER
  41883C OPEN@F13REPORTMANAGER
  4188AC KILL@F13REPORTMANAGER
  4189B0 INIT@F13REPORTMANAGER12PROCESSCLASSBr17PRINTPREVIEWCLASS
  418AE8 NEXT@F13REPORTMANAGER
  418B64 CANCELPRINTREPORT@F13REPORTMANAGER
  418BA0 PRINTREPORT@F13REPORTMANAGER
  418E24 ENDREPORT@F13REPORTMANAGER
  418E5C GETTOTALPAGES@F13REPORTMANAGER
  418E68 FETCHPAGE@F13REPORTMANAGERl
  418EB8 ASKPREVIEW@F13REPORTMANAGER
  418F80 ASK@F13REPORTMANAGER
  418FD4 GETOPENOUTPUTWHENFINISH@F13REPORTMANAGER
  418FDC SETOPENOUTPUTWHENFINISH@F13REPORTMANAGERUc
  418FE4 GETUSEMRP@F13REPORTMANAGER
  418FEC SETUSEMRP@F13REPORTMANAGERUc
  418FF4 TAKECURRENTPAGE@F17PRINTPREVIEWCLASS
  4191D4 TAKEFIELDEVENT@F17PRINTPREVIEWCLASS
  41922C TAKEWINDOWEVENT@F17PRINTPREVIEWCLASS
  419248 TAKEEVENT@F17PRINTPREVIEWCLASS
  4198DC TAKEACCEPTED@F17PRINTPREVIEWCLASS
  419D98 SYNCIMAGEQUEUE@F17PRINTPREVIEWCLASS
  419DD8 SETINIMANAGER@F17PRINTPREVIEWCLASS8INICLASS
  419DE0 SETDEFAULTPAGES@F17PRINTPREVIEWCLASS
  419E28 RESETUSERZOOM@F17PRINTPREVIEWCLASS
  419ECC PROCESSRESULTFILES@F17PRINTPREVIEWCLASS15OUTPUTFILEQUEUE
  419ED0 PARSEIMAGES@F17PRINTPREVIEWCLASSl
  419F7C ONPROCESSFILES@F17PRINTPREVIEWCLASS
  419FBC ONSAVEAS@F17PRINTPREVIEWCLASS
  41A00C OPEN@F17PRINTPREVIEWCLASS
  41A364 NEWZOOM@F17PRINTPREVIEWCLASS
  41A380 KILL@F17PRINTPREVIEWCLASS
  41A420 INPAGELIST@F17PRINTPREVIEWCLASSl
  41A62C INITWINDOWPOSITION@F17PRINTPREVIEWCLASSBw
  41A754 INIT@F17PRINTPREVIEWCLASS12PREVIEWQUEUE25REPORTTARGETSELECTORCLASS17WMFDOCUMENTPARSER
  41A76C INIT@F17PRINTPREVIEWCLASS12PREVIEWQUEUE
  41A974 DRAWPAGE@F17PRINTPREVIEWCLASS
  41AA1C DISPLAY@F17PRINTPREVIEWCLASSslUsUs
  41AD40 DELETEIMAGEQUEUE@F17PRINTPREVIEWCLASSl
  41AD98 CONFIGMENUCHECKS@F17PRINTPREVIEWCLASS
  41AE20 ASKTHUMBNAILS@F17PRINTPREVIEWCLASS
  41AF1C ASKPRINTPAGES@F17PRINTPREVIEWCLASS
  41B0E0 ASKPAGE@F17PRINTPREVIEWCLASS
  41B218 CHILDPROCESSINGEND@F12PROCESSCLASSUs
  41B220 CHILDPROCESSINGSTART@F12PROCESSCLASSUs
  41B254 UPDATEDISPLAY@F12PROCESSCLASS
  41B2D0 TAKERECORD@F12PROCESSCLASS
  41B2D4 TAKELOCATE@F12PROCESSCLASS
  41B304 TAKEACCEPTED@F12PROCESSCLASS
  41B308 SETPROGRESSLIMITS@F12PROCESSCLASSsbsb
  41B3E0 SETPROGRESSLIMITS@F12PROCESSCLASS
  41B4B0 RESET@F12PROCESSCLASS
  41B53C NEXT@F12PROCESSCLASSUc
  41B7D0 KILL@F12PROCESSCLASS
  41B828 INIT@F12PROCESSCLASSBi15RELATIONMANAGERlPUc9STEPCLASSRu
  41BA48 SETPRIORITIES@F17WINDOWRESIZECLASS13POSITIONGROUP
  41BA94 SETSIZE@F17WINDOWRESIZECLASSl13POSITIONGROUP
  41BB48 GETSIZEINFO@F17WINDOWRESIZECLASSl13POSITIONGROUP
  41BC5C RESTORECONTROLS@F17WINDOWRESIZECLASS
  41BCB0 TAKERESIZE@F17WINDOWRESIZECLASS
  41BCB8 SETPOSITION@F17WINDOWRESIZECLASSl13POSITIONGROUP13POSITIONGROUP13POSITIONGROUP13POSITIONGROUP
  41C39C SETPARENTDEFAULT@F17WINDOWRESIZECLASS
  41C688 SETPARENTDEFAULTS@F17WINDOWRESIZECLASS
  41C6C4 SETPARENTCONTROL@F17WINDOWRESIZECLASSll
  41C738 RESTOREWINDOW@F17WINDOWRESIZECLASS
  41C7E4 WINDOWRESIZEEND@F17WINDOWRESIZECLASS
  41C7E8 WINDOWRESIZEBEGIN@F17WINDOWRESIZECLASS
  41C7EC RESIZECHILDREN@F17WINDOWRESIZECLASSl13POSITIONGROUP13POSITIONGROUP
  41C9B4 RESIZE@F17WINDOWRESIZECLASSl
  41CCEC RESIZE@F17WINDOWRESIZECLASS
  41CCFC RESET@F17WINDOWRESIZECLASS
  41CFEC KILL@F17WINDOWRESIZECLASS
  41D078 INIT@F17WINDOWRESIZECLASSUcUcUc
  41D288 GETCURRENTPOS@F17WINDOWRESIZECLASSl13POSITIONGROUP
  41D2C4 GETORIGPOS@F17WINDOWRESIZECLASSl13POSITIONGROUP
  41D314 GETRESIZESTRATEGY@F17WINDOWRESIZECLASSsOUc
  41D494 GETPOSITIONSTRATEGY@F17WINDOWRESIZECLASSsOUc
  41D60C GETPARENTCONTROL@F17WINDOWRESIZECLASSl
  41D630 INIT@F22REPORTATTRIBUTEMANAGERBr
  41D634 DESTRUCT@F22REPORTATTRIBUTEMANAGER
  41D654 CONSTRUCT@F22REPORTATTRIBUTEMANAGER
  41DCA8 DESTRUCT@F25REPORTTARGETSELECTORCLASS
  41DCC8 CONSTRUCT@F25REPORTTARGETSELECTORCLASS
  41DCE8 GETREPORTDEFAULT@F25REPORTTARGETSELECTORCLASS
  41DD28 GETREPORTSELECTED@F25REPORTTARGETSELECTORCLASS
  41DD8C GETDEFAULTITEMINDEX@F25REPORTTARGETSELECTORCLASS
  41DD90 GETSELECTEDITEMINDEX@F25REPORTTARGETSELECTORCLASS
  41DD94 SETDEFAULTOUTPUTGENERATOR@F25REPORTTARGETSELECTORCLASSsb
  41DDD8 GETOUTPUTGENERATORINDEX@F25REPORTTARGETSELECTORCLASSsb
  41DEB8 SETSELECTEDOUTPUTGENERATOR@F25REPORTTARGETSELECTORCLASSsb
  41DF6C GETOUTPUTGENERATOR@F25REPORTTARGETSELECTORCLASSsb
  41DFC4 GETOUTPUTGENERATORNAME@F25REPORTTARGETSELECTORCLASSsUc
  41E040 FILLQUEUE@F25REPORTTARGETSELECTORCLASSBqUc
  41E10C GETPRINTSELECTED@F25REPORTTARGETSELECTORCLASS
  41E11C ITEM@F25REPORTTARGETSELECTORCLASSsUc
  41E20C ITEMS@F25REPORTTARGETSELECTORCLASSUc
  41E26C ASK@F25REPORTTARGETSELECTORCLASSUcUc
  41E504 ADDITEM@F25REPORTTARGETSELECTORCLASS22IOUTPUTGENERATORTARGETUc
  41E5B8 TAKEEVENT@F12TOOLBARCLASSPl13WINDOWMANAGER
  41E5E4 SETTARGET@F12TOOLBARCLASSl
  41E68C KILL@F12TOOLBARCLASS
  41E6A4 INIT@F12TOOLBARCLASS
  41E6C4 DISPLAYBUTTONS@F12TOOLBARCLASS
  41E6EC ADDTARGET@F12TOOLBARCLASS13TOOLBARTARGETl
  41E720 TRYTAKETOOLBAR@F18TOOLBARUPDATECLASS
  41E72C TAKEEVENT@F18TOOLBARUPDATECLASSPl13WINDOWMANAGER
  41E768 TAKETOOLBAR@F18TOOLBARUPDATECLASS
  41E7B0 DISPLAYBUTTONS@F18TOOLBARUPDATECLASS
  41E870 TRYTAKETOOLBAR@F19TOOLBARLISTBOXCLASS
  41E8C4 TAKEEVENT@F19TOOLBARLISTBOXCLASSPl13WINDOWMANAGER
  41EA0C TAKETOOLBAR@F19TOOLBARLISTBOXCLASS
  41EA30 DISPLAYBUTTONS@F19TOOLBARLISTBOXCLASS
  41EA5C TAKEEVENT@F13TOOLBARTARGETPl13WINDOWMANAGER
  41EADC DISPLAYBUTTONS@F13TOOLBARTARGET
  41ECC0 SETTIPS@Fsb
  41FA10 SETUP@F13CALENDARCLASS
  41FA14 ASK@F13CALENDARCLASSsbl
  41FAEC ISHOLIDAY@F17CALENDARBASECLASSUcUcsUc
  41FAF4 ASK@F17CALENDARBASECLASSsbl
  42060C UPDATEQUEUE@F8INICLASSsbsbBqRuPuPuPu
  420830 UPDATE@F8INICLASSsbsbsb
  4208EC UPDATE@F8INICLASSsbBw
  420ACC UPDATE@F8INICLASS
  420AD0 TRYFETCH@F8INICLASSsbsb
  420B48 REMOVE@F8INICLASSsbsb
  420CB0 KILL@F8INICLASS
  420DE8 INIT@F8INICLASSsbll
  420F00 GETSECTORS@F8INICLASSOsbOsbOsb11SECTORQUEUE
  421110 GETSECTOR@F8INICLASSsbsbsb
  421200 GETFAMILY@F8INICLASSsbRscRscRsc
  421384 FETCHQUEUE@F8INICLASSsbsbBqRuPuPuPu
  4215F8 FETCHFIELD@F8INICLASSsbsbUc
  421738 FETCH@F8INICLASSsbsbRu
  4217FC FETCH@F8INICLASSsbBw
  421A5C FETCH@F8INICLASSsbsb
  421B34 FETCH@F8INICLASS
  421B38 ADDSECTOR@F8INICLASSsb
  421C18 UPDATEWINDOWINFO@F8INICLASSsb10WINDOWINFO
  421E84 FETCHWINDOWINFO@F8INICLASSsb10WINDOWINFO
  4220FC UPDATE@F8INICLASSsbsbsbsb
  4222E8 FETCH@F8INICLASSsbsbsbsb
  42250C DESTRUCT@F8INICLASS
  422528 CONSTRUCT@F8INICLASS
  42253C KILL@F18BUFFEREDPAIRSCLASS
  4225B8 INIT@F18BUFFEREDPAIRSCLASS
  4225D8 EQUALRIGHTBUFFER@F18BUFFEREDPAIRSCLASSUc
  422668 EQUALLEFTBUFFER@F18BUFFEREDPAIRSCLASSUc
  4226F4 EQUALRIGHTBUFFER@F18BUFFEREDPAIRSCLASS
  422700 EQUALLEFTBUFFER@F18BUFFEREDPAIRSCLASS
  42270C ASSIGNRIGHTTOBUFFER@F18BUFFEREDPAIRSCLASS
  422754 ASSIGNLEFTTOBUFFER@F18BUFFEREDPAIRSCLASS
  422798 ASSIGNBUFFERTORIGHT@F18BUFFEREDPAIRSCLASS
  4227E0 ASSIGNBUFFERTOLEFT@F18BUFFEREDPAIRSCLASS
  422824 ADDPAIR@F18BUFFEREDPAIRSCLASSRuRu
  4228C4 INIT@F15FIELDPAIRSCLASS
  4228E0 KILL@F15FIELDPAIRSCLASS
  422944 EQUALLEFTRIGHT@F15FIELDPAIRSCLASS
  422994 EQUAL@F15FIELDPAIRSCLASS
  42299C CLEARRIGHT@F15FIELDPAIRSCLASS
  4229D8 CLEARLEFT@F15FIELDPAIRSCLASS
  422A10 ASSIGNRIGHTTOLEFT@F15FIELDPAIRSCLASS
  422A54 ASSIGNLEFTTORIGHT@F15FIELDPAIRSCLASS
  422A98 ADDITEM@F15FIELDPAIRSCLASSRu
  422ADC ADDPAIR@F15FIELDPAIRSCLASSRuRu
  422B20 NEXT@F13CONSTANTCLASS
  422CDC SET@F13CONSTANTCLASSRsb
  422D30 RESET@F13CONSTANTCLASS
  422D80 KILL@F13CONSTANTCLASS
  422DE0 INIT@F13CONSTANTCLASSUc
  422E24 GETCSTRING@F13CONSTANTCLASS
  422EA4 GETPSTRING@F13CONSTANTCLASS
  422F30 GETLONG@F13CONSTANTCLASS
  422F54 GETUSHORT@F13CONSTANTCLASS
  422F7C GETSHORT@F13CONSTANTCLASS
  422F84 GETBYTE@F13CONSTANTCLASS
  422F98 ADDITEM@F13CONSTANTCLASSUcRu
  422FD4 CONSTRUCT@F13CONSTANTCLASS
  422FEC REMOVEDOLLAR@Fsb
  4230C0 ADDDOLLAR@Fsb
  423244 SAVEONINSERTACTION@F13WINDOWMANAGER
  4232E8 SAVEONCHANGEACTION@F13WINDOWMANAGER
  423400 DELETEACTION@F13WINDOWMANAGER
  4235BC CHANGEACTION@F13WINDOWMANAGER
  42392C INSERTACTION@F13WINDOWMANAGER
  423B1C TAKEDISABLEBUTTON@F13WINDOWMANAGERlUc
  423B44 UPDATE@F13WINDOWMANAGER
  423B80 TAKEWINDOWEVENT@F13WINDOWMANAGER
  423DA8 TAKESELECTED@F13WINDOWMANAGER
  423DAC TAKEREJECTED@F13WINDOWMANAGER
  423DE8 TAKENOTIFY@F13WINDOWMANAGERlll
  423DEC TAKENEWSELECTION@F13WINDOWMANAGER
  423E6C TAKEFIELDEVENT@F13WINDOWMANAGER
  423E70 TAKEEVENT@F13WINDOWMANAGER
  424024 TAKECLOSEEVENT@F13WINDOWMANAGER
  4241C8 TAKECOMPLETED@F13WINDOWMANAGER
  4242A0 TAKEACCEPTED@F13WINDOWMANAGER
  42438C SETRESPONSE@F13WINDOWMANAGERUc
  4243D8 SETALERTS@F13WINDOWMANAGER
  424488 SAVEHISTORY@F13WINDOWMANAGER
  424530 RUN@F13WINDOWMANAGERUsUc
  424534 RUN@F13WINDOWMANAGER
  424580 RESTOREFIELD@F13WINDOWMANAGERl
  424654 RESETBUFFERS@F13WINDOWMANAGERUc
  4246B8 RESET@F13WINDOWMANAGERUc
  424740 PRIMEUPDATE@F13WINDOWMANAGER
  424884 PRIMEFIELDS@F13WINDOWMANAGER
  424888 POSTCOMPLETED@F13WINDOWMANAGER
  424920 OPEN@F13WINDOWMANAGERBwBw
  424968 OPEN@F13WINDOWMANAGER
  4249AC MODALEVENT@F13WINDOWMANAGER
  424A90 KILL@F13WINDOWMANAGER
  424BE4 INIT@F13WINDOWMANAGER
  424C60 REMOVEITEM@F13WINDOWMANAGER15WINDOWCOMPONENT
  424C98 ASK@F13WINDOWMANAGER
  424CFC ADDUPDATEFILE@F13WINDOWMANAGER11FILEMANAGER
  424D3C ADDITEM@F13WINDOWMANAGER17WINDOWRESIZECLASS
  424D44 ADDITEM@F13WINDOWMANAGER15WINDOWCOMPONENT
  424D70 ADDITEM@F13WINDOWMANAGER18TOOLBARUPDATECLASS
  424DC8 ADDITEM@F13WINDOWMANAGER12TOOLBARCLASS
  424DDC ADDITEM@F13WINDOWMANAGERlUc
  424E00 ADDITEM@F13WINDOWMANAGER11BROWSECLASS
  424E28 ADDHISTORYFILE@F13WINDOWMANAGERRgRg
  424E80 ADDHISTORYFIELD@F13WINDOWMANAGERll
  424EA8 DISABLECANCELCONTROLS@F13WINDOWMANAGER
  424F00 ENABLECANCELCONTROLS@F13WINDOWMANAGER
  42512C PROCESSDOCUMENT@F17WMFDOCUMENTPARSER
  4251DC OPENDOCUMENT@F17WMFDOCUMENTPARSER
  425248 CLOSEDOCUMENT@F17WMFDOCUMENTPARSER
  425288 INIT@F17WMFDOCUMENTPARSER12PREVIEWQUEUE16IREPORTGENERATOR10ERRORCLASS
  425320 GENERATEREPORT@F17WMFDOCUMENTPARSERUc
  4256BC TAKERECORD@F9WMFPARSER
  429F40 PROCESSFILE@F9WMFPARSER
  429F60 PROCESSHEADER@F9WMFPARSER
  42A134 ADDOBJECT@F9WMFPARSERUc
  42A1D4 CLOSEFILE@F9WMFPARSER
  42A214 RUN@F9WMFPARSER
  42A21C OPENFILE@F9WMFPARSER
  42A2E0 KILL@F9WMFPARSER
  42A348 INIT@F9WMFPARSERsb16IREPORTGENERATOR10ERRORCLASS
  42A414 GETBOXBOTTOM@F9WMFPARSER
  42A41C GETBOXRIGHT@F9WMFPARSER
  42A424 GETBOXTOP@F9WMFPARSER
  42A42C GETBOXLEFT@F9WMFPARSER
  42A434 DESTRUCT@F9WMFPARSER
  42A518 CONSTRUCT@F9WMFPARSER
  42A874 SETUP@F19SORTHEADERCLASSTYPEBqlOsbOsbBiBk
  42A8A4 APPLYSORTCOLORS@F19SORTHEADERCLASSTYPEl
  42A9FC ALLOWDESCENDING@F19SORTHEADERCLASSTYPEsb
  42AA20 VALIDFIELD@F19SORTHEADERCLASSTYPEsb
  42ABB0 GETSORTINGCOLUMNSTRING@F19SORTHEADERCLASSTYPEsbsbsb
  42ADC4 FINDRECORD@F19SORTHEADERCLASSTYPE
  42AFB4 ONHEADERPRESSED@F19SORTHEADERCLASSTYPE
  42B190 SETPREVSORTORDER@F19SORTHEADERCLASSTYPE
  42B1FC LOADSORT@F19SORTHEADERCLASSTYPE
  42B44C SAVESORT@F19SORTHEADERCLASSTYPE
  42B69C SETSTORAGESETTINGS@F19SORTHEADERCLASSTYPEsbsb
  42B700 GETSTRINGFROMSORT@F19SORTHEADERCLASSTYPE
  42B83C SETSORTFROMSTRING@F19SORTHEADERCLASSTYPEsb
  42BBE4 SORTQUEUE@F19SORTHEADERCLASSTYPE
  42C450 RESTOREHEADERTEXT@F19SORTHEADERCLASSTYPE
  42C514 GETCOLUMNNAME@F19SORTHEADERCLASSTYPEl
  42C614 GETCOLUMNTEXT@F19SORTHEADERCLASSTYPEl
  42C6E4 RESETSORT@F19SORTHEADERCLASSTYPE
  42C70C CLEARSORT@F19SORTHEADERCLASSTYPE
  42C748 KILL@F19SORTHEADERCLASSTYPE
  42C79C GETSORTORDER@F19SORTHEADERCLASSTYPE
  42C80C TAKEEVENTS@F19SORTHEADERCLASSTYPE
  42C92C SETALERTS@F19SORTHEADERCLASSTYPE
  42C930 INIT@F19SORTHEADERCLASSTYPEBqlOsbOsbBiBk
  42CC50 GETIFACE@F15CRITICALSECTION
  42CC54 DESTRUCT@F15CRITICALSECTION
  42CC68 CONSTRUCT@F15CRITICALSECTION
  42CC7C KILL@F17CRITICALPROCEDURE
  42CCA0 INIT@F17CRITICALPROCEDURE11ISYNCOBJECT
  42CCC0 DESTRUCT@F17CRITICALPROCEDURE
  42CCC8 CONSTRUCT@F17CRITICALPROCEDURE
  42D370 __thr_inst0
  42D380 __thr_init_entry
  42D3A0 __thr_init_exit
  4318B0 KUCINASVENAPPV7001$AZURIRANJEUPLATNICE@F
  431A6C KUCINASVENAPPV7001$AZURIRANJEPOLAZNIKA@F
  431D48 KUCINASVENAPPV7001$AZURIRANJEPROGRAMAASTRONOMIJE@F
  431EE0 KUCINASVENAPPV7001$AZURIRANJEMJESTA@F
  432098 KUCINASVENAPPV7001$POPISPROGRAMAASTRONOMIJE@F
  432288 KUCINASVENAPPV7001$POPISPOHVALNICA@F
  4324B8 KUCINASVENAPPV7001$POPISPOLAZNIKA@F
  43299C KUCINASVENAPPV7001$POPISMJESTA@F
  432C34 KUCINASVENAPPV7001$SKOCNIPROZOR@F
  432CC8 MAIN@F
  434880 KUCINASVENAPPV7002$ISPISPOHVALNICAPOPOLAZNICIMA@F
  434ABC KUCINASVENAPPV7002$ISPISASTRONOMSKOGPROGRAMA@F
  434CA8 KUCINASVENAPPV7002$ISPISSVIHMJESTA@F
  434E98 KUCINASVENAPPV7002$AZURIRANJEPOHVALNICE@F
  4351A0 KUCINASVENAPPV7002$AZURIRANJEPOHADJA@F
  43575C KILL@F22HIDE:RELATE:POHVALNICA
  4357A4 DEFEREDADDRELATIONS@F22HIDE:RELATE:POHVALNICA
  4357C4 INIT@F22HIDE:RELATE:POHVALNICA
  4357FC VALIDATEFIELDSERVER@F22HIDE:ACCESS:POHVALNICAlUc
  435A44 USEFILE@F22HIDE:ACCESS:POHVALNICAUc
  435B10 PRIMEFIELDS@F22HIDE:ACCESS:POHVALNICA
  435B38 KILL@F22HIDE:ACCESS:POHVALNICA
  435B58 INIT@F22HIDE:ACCESS:POHVALNICA
  435BD8 KILL@F18HIDE:RELATE:MJESTO
  435C20 DEFEREDADDRELATIONS@F18HIDE:RELATE:MJESTO
  435C40 INIT@F18HIDE:RELATE:MJESTO
  435C78 VALIDATEFIELDSERVER@F18HIDE:ACCESS:MJESTOlUc
  435D30 USEFILE@F18HIDE:ACCESS:MJESTOUc
  435DD4 KILL@F18HIDE:ACCESS:MJESTO
  435DF4 INIT@F18HIDE:ACCESS:MJESTO
  435E74 KILL@F31HIDE:RELATE:PROGRAM_ASTRONOMIJE
  435EBC DEFEREDADDRELATIONS@F31HIDE:RELATE:PROGRAM_ASTRONOMIJE
  435EDC INIT@F31HIDE:RELATE:PROGRAM_ASTRONOMIJE
  435F14 VALIDATEFIELDSERVER@F31HIDE:ACCESS:PROGRAM_ASTRONOMIJElUc
  435FE8 USEFILE@F31HIDE:ACCESS:PROGRAM_ASTRONOMIJEUc
  43608C KILL@F31HIDE:ACCESS:PROGRAM_ASTRONOMIJE
  4360AC INIT@F31HIDE:ACCESS:PROGRAM_ASTRONOMIJE
  43612C KILL@F21HIDE:RELATE:UPLATNICA
  436174 DEFEREDADDRELATIONS@F21HIDE:RELATE:UPLATNICA
  436194 INIT@F21HIDE:RELATE:UPLATNICA
  4361CC VALIDATEFIELDSERVER@F21HIDE:ACCESS:UPLATNICAlUc
  436370 USEFILE@F21HIDE:ACCESS:UPLATNICAUc
  436414 KILL@F21HIDE:ACCESS:UPLATNICA
  436434 INIT@F21HIDE:ACCESS:UPLATNICA
  4364B4 KILL@F19HIDE:RELATE:POHADJA
  4364FC DEFEREDADDRELATIONS@F19HIDE:RELATE:POHADJA
  43651C INIT@F19HIDE:RELATE:POHADJA
  436554 VALIDATEFIELDSERVER@F19HIDE:ACCESS:POHADJAlUc
  4366EC USEFILE@F19HIDE:ACCESS:POHADJAUc
  4367B8 KILL@F19HIDE:ACCESS:POHADJA
  4367D8 INIT@F19HIDE:ACCESS:POHADJA
  436858 KILL@F20HIDE:RELATE:POLAZNIK
  4368A0 DEFEREDADDRELATIONS@F20HIDE:RELATE:POLAZNIK
  4368C0 INIT@F20HIDE:RELATE:POLAZNIK
  4368F8 VALIDATEFIELDSERVER@F20HIDE:ACCESS:POLAZNIKlUc
  4369B4 USEFILE@F20HIDE:ACCESS:POLAZNIKUc
  436AE0 KILL@F20HIDE:ACCESS:POLAZNIK
  436B00 INIT@F20HIDE:ACCESS:POLAZNIK
  436B80 KUCINASVENAPPV7_BC0$KUCINASVENAPPV7_BC0:FILESINIT@F
  436C04 KUCINASVENAPPV7_BC0$KUCINASVENAPPV7_BC0:DCTKILL@F
  436CF4 KUCINASVENAPPV7_BC0$KUCINASVENAPPV7_BC0:DCTINIT@F
  436F9C DCTKILL@F
  436FA4 DCTINIT@F
  436FB0 _main
  437048 DESTRUCT@F10DICTIONARY
  437050 CONSTRUCT@F10DICTIONARY
  438000 $DEFAULTERRORS
  439404 $OVERRIDECHARACTERS
  439424 $SCROLL:NAME
  439550 $SCROLL:ALPHA
  439618 TYPE$BROWSECLASS
  439A00 TYPE$BROWSEEIPMANAGER
  439CD4 VMT$BROWSEEIPMANAGER
  439D78 VMT$BROWSECLASS
  439F4C TYPE$STANDARDBEHAVIOR
  439F88 VMT$STANDARDBEHAVIOR
  439FD8 TYPE$ENTRYLOCATORCLASS
  43A034 VMT$ENTRYLOCATORCLASS
  43A074 TYPE$STEPLOCATORCLASS
  43A0C4 VMT$STEPLOCATORCLASS
  43A100 TYPE$STEPSTRINGCLASS
  43A150 VMT$STEPSTRINGCLASS
  43A170 TYPE$STEPLONGCLASS
  43A198 VMT$STEPLONGCLASS
  43A1C0 TYPE$FILEDROPCLASS
  43A34C VMT$FILEDROPCLASS
  43A424 TYPE$COLORMAP
  43A450 TCB$COLORMAP
  43A460 TYPE$EDITENTRYCLASS
  43A4A8 VMT$EDITENTRYCLASS
  43A648 STDERRORFILE$TYPE$RECORD
  43A660 $STDERRORFILE
  43A6DC TYPE$PNQ
  43A6FC TYPE$DEFAULTERRORS
  43A97C TYPE$HISTHANDLERCLASS
  43A9C4 VMT$HISTHANDLERCLASS
  43A9F4 TYPE$MSGBOXCLASS
  43AC6C VMT$MSGBOXCLASS
  43ACF4 TYPE$ERRORCLASS
  43AF50 VMT$ERRORCLASS
  43AF9C TYPE$STANDARDERRORLOGCLASS
  43AFD4 VMT$STANDARDERRORLOGCLASS
  43AFEC TYPE$ERRORSTATUSCLASS
  43B0E0 VMT$ERRORSTATUSCLASS
  43B1BC TYPE$UNTHREADEDFILEOPENERMAP
  43B1E0 TCB$UNTHREADEDFILEOPENERMAP
  43B1F0 TYPE$FILESMANAGER
  43B234 VMT$FILESMANAGER
  43B240 TYPE$FILEMAPPING_T
  43B26C TYPE$FILEMAPPING_R
  43B29C TYPE$STATUSQ_T
  43B304 TYPE$UNTHREADEDFILEOPENSERVER
  43B360 VMT$UNTHREADEDFILEOPENSERVER
  43B384 TYPE$THREADEDFILEOPENSERVER
  43B3C4 VMT$THREADEDFILEOPENSERVER
  43B5CC TYPE$FUZZYCLASS
  43B674 VMT$FUZZYCLASS
  43B6B0 TYPE$POPUPITEMQUEUE
  43B720 TYPE$POPUPCLASS
  43B7CC VMT$POPUPCLASS
  43B8B0 TYPE$FIELDQUEUE
  43BA9C TYPE$PAGEMANAGERCLASS
  43BB54 VMT$PAGEMANAGERCLASS
  43BB60 TYPE$ZOOMITEMQUEUE
  43BB98 $ZOOMPRESETS
  43BC8C TYPE$PRINTPREVIEWCLASS
  43C2F4 VMT$PRINTPREVIEWCLASS
  43C3D4 TYPE$WINDOWRESIZECLASS
  43C618 TYPE$REPORTATTRIBUTEMANAGER
  43C634 VMT$REPORTATTRIBUTEMANAGER
  43C6DC TYPE$REPORTTARGETSELECTORCLASS
  43C768 VMT$REPORTTARGETSELECTORCLASS
  43C7FC TYPE$TOOLBARTARGETQUEUE
  43C818 $UPDATECHANGETIPS
  43C924 $UPDATEINSERTTIPS
  43C964 $LISTBOXTIPS
  43CA20 TYPE$TOOLBARCLASS
  43CA38 VMT$TOOLBARCLASS
  43CA50 TYPE$TOOLBARUPDATECLASS
  43CAD8 VMT$TOOLBARUPDATECLASS
  43CAF4 TYPE$TOOLBARLISTBOXCLASS
  43CB70 VMT$TOOLBARLISTBOXCLASS
  43CC30 TYPE$CONSTDESCRIPTORLIST
  43CD54 TYPE$CALENDARCLASS
  43CF48 VMT$CALENDARCLASS
  43CF60 TYPE$CONSTANTCLASS
  43D000 VMT$CONSTANTCLASS
  43D00C TYPE$INICLASS
  43D054 VMT$INICLASS
  43D0E0 TYPE$BUFFEREDPAIRSCLASS
  43D104 VMT$BUFFEREDPAIRSCLASS
  43D13C TYPE$FIELDPAIRSCLASS
  43D154 VMT$FIELDPAIRSCLASS
  43D184 TYPE$FILELIST
  43D1A8 TYPE$HISTORYLIST
  43D1E0 TYPE$BUTTONLIST
  43D204 TYPE$COMPONENTLIST
  43D324 WMFINFILE$TYPE$WMFF@:RECORD
  43D344 TYPE$QUEUEDC
  43D3A8 TYPE$QUEUEHOLES
  43D3BC TYPE$QUEUEBRUSH
  43D3E8 TYPE$QUEUEPENS
  43D414 TYPE$QUEUEFONTS
  43D45C TYPE$QUEUEOBJECTS
  43D478 TYPE$WMFDOCUMENTPARSER
  43D4DC VMT$WMFDOCUMENTPARSER
  43D4E8 TYPE$WMFPARSER
  43E000 VMT$WMFPARSER
  43E00C TYPE$POINTQUEUE
  43E028 TYPE$SLICEFORMATQUEUE
  43E0D0 TYPE$TEXTFORMATQUEUE
  43E1B0 TYPE$QUEUELISTHEADERTYPE
  43E1DC TYPE$QUEUELISTSORTTYPE
  43E210 TYPE$CRITICALSECTION
  43E228 VMT$CRITICALSECTION
  43E234 TYPE$CRITICALPROCEDURE
  43E24C VMT$CRITICALPROCEDURE
  445644 TYPE$HIDE:RELATE:POHVALNICA
  4456E8 VMT$HIDE:RELATE:POHVALNICA
  445724 TYPE$HIDE:ACCESS:POHVALNICA
  445934 VMT$HIDE:ACCESS:POHVALNICA
  445A24 TYPE$HIDE:RELATE:MJESTO
  445AC8 VMT$HIDE:RELATE:MJESTO
  445B04 TYPE$HIDE:ACCESS:MJESTO
  445D14 VMT$HIDE:ACCESS:MJESTO
  445E04 TYPE$HIDE:RELATE:PROGRAM_ASTRONOMIJE
  445EA8 VMT$HIDE:RELATE:PROGRAM_ASTRONOMIJE
  445EE4 TYPE$HIDE:ACCESS:PROGRAM_ASTRONOMIJE
  4460F4 VMT$HIDE:ACCESS:PROGRAM_ASTRONOMIJE
  4461E4 TYPE$HIDE:RELATE:UPLATNICA
  446288 VMT$HIDE:RELATE:UPLATNICA
  4462C4 TYPE$HIDE:ACCESS:UPLATNICA
  4464D4 VMT$HIDE:ACCESS:UPLATNICA
  4465C4 TYPE$HIDE:RELATE:POHADJA
  446668 VMT$HIDE:RELATE:POHADJA
  4466A4 TYPE$HIDE:ACCESS:POHADJA
  4468B4 VMT$HIDE:ACCESS:POHADJA
  4469A4 TYPE$HIDE:RELATE:POLAZNIK
  446A48 VMT$HIDE:RELATE:POLAZNIK
  446A84 TYPE$HIDE:ACCESS:POLAZNIK
  446C94 VMT$HIDE:ACCESS:POLAZNIK
  446F34 TYPE$DICTIONARY
  446F44 VMT$DICTIONARY
  446F50 POHVALNICA$TYPE$PHV:RECORD
  446FCC MJESTO$TYPE$MJS:RECORD
  447008 PROGRAM_ASTRONOMIJE$TYPE$PRN:RECORD
  4470D0 UPLATNICA$TYPE$PLT:RECORD
  447140 POHADJA$TYPE$PHD:RECORD
  4471B4 POLAZNIK$TYPE$PLZ:RECORD
  447550 VMTP$DICTIONARY
  447680 VMTP$HIDE:RELATE:POHVALNICA
  447688 VMTP$HIDE:ACCESS:POHVALNICA
  447690 VMTP$HIDE:RELATE:MJESTO
  447698 VMTP$HIDE:ACCESS:MJESTO
  4476A0 VMTP$HIDE:RELATE:PROGRAM_ASTRONOMIJE
  4476A8 VMTP$HIDE:ACCESS:PROGRAM_ASTRONOMIJE
  4476B0 VMTP$HIDE:RELATE:UPLATNICA
  4476B8 VMTP$HIDE:ACCESS:UPLATNICA
  4476C0 VMTP$HIDE:RELATE:POHADJA
  4476C8 VMTP$HIDE:ACCESS:POHADJA
  4476D0 VMTP$HIDE:RELATE:POLAZNIK
  4476D8 VMTP$HIDE:ACCESS:POLAZNIK
  4476E0 VMTP$FILESMANAGER
  4476E8 VMTP$UNTHREADEDFILEOPENSERVER
  4476F0 VMTP$THREADEDFILEOPENSERVER
  4476F8 VMTP$CALENDARCLASS
  447700 VMTP$CONSTANTCLASS
  447708 VMTP$INICLASS
  447710 VMTP$BUFFEREDPAIRSCLASS
  447718 VMTP$FIELDPAIRSCLASS
  447720 VMTP$POPUPCLASS
  447728 VMTP$TOOLBARCLASS
  447730 VMTP$TOOLBARUPDATECLASS
  447738 VMTP$TOOLBARLISTBOXCLASS
  447740 VMTP$EDITENTRYCLASS
  447748 VMTP$BROWSEEIPMANAGER
  447750 VMTP$BROWSECLASS
  447758 VMTP$STANDARDBEHAVIOR
  447760 VMTP$ENTRYLOCATORCLASS
  447768 VMTP$STEPLOCATORCLASS
  447770 VMTP$STEPSTRINGCLASS
  447778 VMTP$STEPLONGCLASS
  447780 VMTP$HISTHANDLERCLASS
  447788 VMTP$MSGBOXCLASS
  447790 VMTP$ERRORCLASS
  447798 VMTP$STANDARDERRORLOGCLASS
  4477A0 VMTP$ERRORSTATUSCLASS
  4477A8 VMTP$FUZZYCLASS
  4477B0 VMTP$FILEDROPCLASS
  4477B8 VMTP$WMFDOCUMENTPARSER
  4477C0 VMTP$WMFPARSER
  4477C8 VMTP$REPORTATTRIBUTEMANAGER
  4477D0 VMTP$REPORTTARGETSELECTORCLASS
  4477D8 VMTP$PAGEMANAGERCLASS
  4477E0 VMTP$PRINTPREVIEWCLASS
  4477E8 VMTP$CRITICALSECTION
  4477F0 VMTP$CRITICALPROCEDURE
  447800 $FUZZYMATCHER
  448E24 $COLORMAP
  448E5C $MULTIWINDOW
  448E60 $TXTWINDOW
  448E64 $WINDOW
  448E68 STDERRORFILE$RECORD
  449268 $UNTHREADEDFILEOPENERMAP
  449270 $CREATEOPENERCRIT
  449380 KEYS$WMFINFILE
  4493B4 $INIMGR
  4494CC MEMOS$UPLATNICA
  44A008 POHVALNICA$PHV:PK_POHVALNICA_BROJPOHVALNICE
  44A02C POHVALNICA$PHV:VK_POHVALNICAPOLAZNIK_OIBPOLAZNIKA
  44A050 KEYS$POHVALNICA
  44A058 $POHVALNICA
  44A0AC MJESTO$MJS:PK_MJESTO_POSTANSKIBROJ
  44A0D0 KEYS$MJESTO
  44A0D4 $MJESTO
  44A128 PROGRAM_ASTRONOMIJE$PRN:PK_PROGASTRO_BROJPROGASTRO
  44A14C KEYS$PROGRAM_ASTRONOMIJE
  44A150 $PROGRAM_ASTRONOMIJE
  44A1A4 UPLATNICA$PLT:PK_UPLATNICA_OIB_BROJUPLATNICE
  44A1C8 KEYS$UPLATNICA
  44A1CC $UPLATNICA
  44A220 POHADJA$PHD:PK_POHADJA_OIB_BROJPROGASTRO
  44A244 POHADJA$PHD:RK_POHADJA_SIFRAPROGASTRO_OIB
  44A268 KEYS$POHADJA
  44A270 $POHADJA
  44A2C4 POLAZNIK$PLZ:SK_POLAZNIK_IMEPREZIME
  44A2E8 POLAZNIK$PLZ:SK_POLAZNIK_POSTANSKIBROJ
  44A30C POLAZNIK$PLZ:PK_POLAZNIK_OIBPOLAZNIKA
  44A330 POLAZNIK$PLZ:VK_POLAZNIKMJESTO_POSTANSKIBROJ
  44A354 KEYS$POLAZNIK
  44A364 $POLAZNIK
  44A5AC $EPOC
  44A604 $WMFINFILE
  44A700 $GLOBALERRORSTATUS
  44BA24 $GLOBALREQUEST
  44BA28 $GLOBALRESPONSE
  44BA2C $VCRREQUEST
  44BA30 $DICTIONARY
  44BA34 POHVALNICA$PHV:RECORD
  44BA74 MJESTO$MJS:RECORD
  44BAA8 PROGRAM_ASTRONOMIJE$PRN:RECORD
  44BBDC UPLATNICA$PLT:RECORD
  44BC0C POHADJA$PHD:RECORD
  44BC24 POLAZNIK$PLZ:RECORD
  44BCCC $RELATE:POHVALNICA
  44BCD0 $ACCESS:POHVALNICA
  44BCD4 $RELATE:MJESTO
  44BCD8 $ACCESS:MJESTO
  44BCDC $RELATE:PROGRAM_ASTRONOMIJE
  44BCE0 $ACCESS:PROGRAM_ASTRONOMIJE
  44BCE4 $RELATE:UPLATNICA
  44BCE8 $ACCESS:UPLATNICA
  44BCEC $RELATE:POHADJA
  44BCF0 $ACCESS:POHADJA
  44BCF4 $RELATE:POLAZNIK
  44BCF8 $ACCESS:POLAZNIK
  44BFF4 KUCINASVENAPPV7_BC0$_HIDE:RELATE:POHVALNICA
  44BFF8 KUCINASVENAPPV7_BC0$_HIDE:ACCESS:POHVALNICA
  44BFFC KUCINASVENAPPV7_BC0$_HIDE:RELATE:MJESTO
  44C000 KUCINASVENAPPV7_BC0$_HIDE:ACCESS:MJESTO
  44C004 KUCINASVENAPPV7_BC0$_HIDE:RELATE:PROGRAM_ASTRONOMIJE
  44C008 KUCINASVENAPPV7_BC0$_HIDE:ACCESS:PROGRAM_ASTRONOMIJE
  44C00C KUCINASVENAPPV7_BC0$_HIDE:RELATE:UPLATNICA
  44C010 KUCINASVENAPPV7_BC0$_HIDE:ACCESS:UPLATNICA
  44C014 KUCINASVENAPPV7_BC0$_HIDE:RELATE:POHADJA
  44C018 KUCINASVENAPPV7_BC0$_HIDE:ACCESS:POHADJA
  44C01C KUCINASVENAPPV7_BC0$_HIDE:RELATE:POLAZNIK
  44C020 KUCINASVENAPPV7_BC0$_HIDE:ACCESS:POLAZNIK
  44C024 $FILESMANAGER
  44C03C $SZDBTEXTLOG
  44C930 $CLS_COUNTER
  44C934 WMFINFILE$WMFF@:RECORD
  45E000 __import_section_start
  45FCCC __import_section_end

Imports
ClaASC.dll:ASCII 45E094
ClaDOS.dll:DOS 45E0A4
ClaRUN.dll:Cla$ACCEPTED 45E494,401000
ClaRUN.dll:Cla$ADDqueue 45E498
ClaRUN.dll:Cla$ADDqueuekey 45E49C,401008
ClaRUN.dll:Cla$ADDqueueptr 45E4A0
ClaRUN.dll:Cla$ADDqueueskey 45E4A4
ClaRUN.dll:Cla$AddressUfo 45E4A8
ClaRUN.dll:Cla$ALERT 45E4AC,401010
ClaRUN.dll:Cla$AssignLong2RefUfo 45E4B0
ClaRUN.dll:Cla$AssignReal2RefUfo 45E4B4
ClaRUN.dll:Cla$AssignRefUfo 45E4B8
ClaRUN.dll:Cla$BEEP 45E4BC,401018
ClaRUN.dll:Cla$BindG 45E4C0
ClaRUN.dll:Cla$CHOICE 45E4C4,401020
ClaRUN.dll:Cla$CLEAR 45E4C8
ClaRUN.dll:Cla$CLEARqueue 45E4CC
ClaRUN.dll:Cla$clearstr 45E4D0
ClaRUN.dll:Cla$ClearType 45E4D4
ClaRUN.dll:Cla$ClearUfo 45E4D8
ClaRUN.dll:Cla$CLOCK 45E4DC,401028
ClaRUN.dll:Cla$CloneUfo 45E4E0
ClaRUN.dll:Cla$CLOSEwindow 45E4E4,401030
ClaRUN.dll:Cla$code 45E4E8
ClaRUN.dll:Cla$COMMIT 45E4EC,401038
ClaRUN.dll:Cla$comparestr 45E4F0
ClaRUN.dll:Cla$CREATE 45E4F4
ClaRUN.dll:Cla$DATE 45E4F8,401040
ClaRUN.dll:Cla$DAY 45E4FC,401048
ClaRUN.dll:Cla$DecAdd 45E500
ClaRUN.dll:Cla$DecCompareN 45E504
ClaRUN.dll:Cla$DecDistinct 45E508
ClaRUN.dll:Cla$DecDistinctR 45E50C
ClaRUN.dll:Cla$DecDivide 45E510
ClaRUN.dll:Cla$DecMul 45E514
ClaRUN.dll:Cla$DecSub 45E518
ClaRUN.dll:Cla$DecSubR 45E51C
ClaRUN.dll:Cla$DELETEqueue 45E520,401050
ClaRUN.dll:Cla$DELETEREG 45E524,401058
ClaRUN.dll:Cla$DESTROY 45E528,401060
ClaRUN.dll:Cla$DISABLE 45E52C,401068
ClaRUN.dll:Cla$DISPLAY 45E530,401070
ClaRUN.dll:Cla$DISPOSEqueue 45E534
ClaRUN.dll:Cla$DISPOSEref 45E538
ClaRUN.dll:Cla$DISPOSEvref 45E53C
ClaRUN.dll:Cla$Dlongpower 45E540
ClaRUN.dll:Cla$DPopDec 45E544
ClaRUN.dll:Cla$DPopLong 45E548
ClaRUN.dll:Cla$DPopReal 45E54C
ClaRUN.dll:Cla$DPopUlong 45E550
ClaRUN.dll:Cla$DPushConstant 45E554
ClaRUN.dll:Cla$DPushDec 45E558
ClaRUN.dll:Cla$DPushLong 45E55C
ClaRUN.dll:Cla$DPushULong 45E560
ClaRUN.dll:Cla$DRound 45E564
ClaRUN.dll:Cla$DStack2Stack 45E568
ClaRUN.dll:Cla$ENABLE 45E56C,401078
ClaRUN.dll:Cla$EndEventLoop 45E570
ClaRUN.dll:Cla$EndEventLoops 45E574
ClaRUN.dll:Cla$ENDPAGE 45E578,401080
ClaRUN.dll:Cla$ERRORCODE 45E57C,401088
ClaRUN.dll:Cla$Evaluate 45E580,401090
ClaRUN.dll:Cla$EVENT 45E584,401098
ClaRUN.dll:Cla$FIELD 45E588,4010A0
ClaRUN.dll:Cla$FILEERRORCODE 45E58C,4010A8
ClaRUN.dll:Cla$FILEERRORMSG 45E590,4010B0
ClaRUN.dll:Cla$FileExists 45E594,4010B8
ClaRUN.dll:Cla$FILE_ADDf 45E598
ClaRUN.dll:Cla$FILE_BUFFER 45E59C,4010C0
ClaRUN.dll:Cla$FILE_BUILDf 45E5A0,4010C8
ClaRUN.dll:Cla$FILE_BYTES 45E5A4,4010D0
ClaRUN.dll:CLA$FILE_CALLBACK 45E5A8,4010D8
ClaRUN.dll:Cla$FILE_CLEAR 45E5AC
ClaRUN.dll:Cla$FILE_CLOSE 45E5B0,4010E0
ClaRUN.dll:Cla$FILE_CREATE 45E5B4
ClaRUN.dll:Cla$FILE_DELETE 45E5B8,4010E8
ClaRUN.dll:CLA$FILE_DESTROY 45E5BC
ClaRUN.dll:Cla$FILE_DUPLICATEk 45E5C0,4010F0
ClaRUN.dll:Cla$FILE_FLUSH 45E5C4,4010F8
ClaRUN.dll:CLA$FILE_FREESTATE 45E5C8,401100
ClaRUN.dll:Cla$FILE_GETfk 45E5CC
ClaRUN.dll:Cla$FILE_GETfl 45E5D0
ClaRUN.dll:Cla$FILE_GETflu 45E5D4
ClaRUN.dll:Cla$FILE_GETNULLS 45E5D8,401108
ClaRUN.dll:CLA$FILE_GETSTATE 45E5DC,401110
ClaRUN.dll:Cla$FILE_GET_PROPERTY 45E5E0
ClaRUN.dll:Cla$FILE_NAME 45E5E4,401118
ClaRUN.dll:Cla$FILE_NEXT 45E5E8,401120
ClaRUN.dll:Cla$FILE_NOMEMO 45E5EC,401128
ClaRUN.dll:Cla$FILE_OPEN 45E5F0,401130
ClaRUN.dll:Cla$FILE_POSITIONf 45E5F4,401138
ClaRUN.dll:Cla$FILE_POSITIONk 45E5F8,401140
ClaRUN.dll:Cla$FILE_PREV 45E5FC,401148
ClaRUN.dll:Cla$FILE_PUTf 45E600
ClaRUN.dll:Cla$FILE_RECORDSf 45E604,401150
ClaRUN.dll:Cla$FILE_REGETf 45E608,401158
ClaRUN.dll:Cla$FILE_REGETk 45E60C,401160
ClaRUN.dll:Cla$FILE_RESETf 45E610,401168
ClaRUN.dll:Cla$FILE_RESETk 45E614,401170
ClaRUN.dll:CLA$FILE_RESTORESTATE 45E618,401178
ClaRUN.dll:Cla$FILE_SEND 45E61C,401180
ClaRUN.dll:Cla$FILE_SETk 45E620,401188
ClaRUN.dll:Cla$FILE_SETkk 45E624,401190
ClaRUN.dll:Cla$FILE_SETNULLS 45E628,401198
ClaRUN.dll:Cla$FILE_SET_PROPERTY 45E62C
ClaRUN.dll:Cla$FILE_WATCH 45E630,4011A0
ClaRUN.dll:Cla$FOCUS 45E634,4011A8
ClaRUN.dll:Cla$FORWARDKEY 45E638,4011B0
ClaRUN.dll:Cla$FREEqueue 45E63C
ClaRUN.dll:Cla$FREEqueuea 45E640,4011B8
ClaRUN.dll:Cla$freestr 45E644
ClaRUN.dll:Cla$FreeUfo 45E648
ClaRUN.dll:Cla$freewindow 45E64C
ClaRUN.dll:Cla$GETINI 45E650,4011C0
ClaRUN.dll:Cla$GETPOSITION 45E654,4011C8
ClaRUN.dll:Cla$GETPOSITIONw 45E658,4011D0
ClaRUN.dll:Cla$GetPropS 45E65C
ClaRUN.dll:Cla$GETqueuekey 45E660,4011D8
ClaRUN.dll:Cla$GETqueueptr 45E664
ClaRUN.dll:Cla$GETqueueskey 45E668
ClaRUN.dll:Cla$GETREG 45E66C,4011E0
ClaRUN.dll:Cla$Group2Ufo 45E670
ClaRUN.dll:Cla$HALT 45E674,4011E8
ClaRUN.dll:Cla$HIDE 45E678,4011F0
ClaRUN.dll:Cla$init 45E67C
ClaRUN.dll:Cla$INSTANCE 45E680,4011F8
ClaRUN.dll:Cla$IsAlpha 45E684,401200
ClaRUN.dll:Cla$IsUfoString 45E688,401208
ClaRUN.dll:Cla$IsUpper 45E68C,401210
ClaRUN.dll:Cla$KEYCHAR 45E690,401218
ClaRUN.dll:Cla$KEYCODE 45E694,401220
ClaRUN.dll:Cla$KEYSTATE 45E698,401228
ClaRUN.dll:Cla$KEY_GET_PROPERTY 45E69C
ClaRUN.dll:Cla$LASTFIELD 45E6A0,401230
ClaRUN.dll:Cla$loadbtdate 45E6A4
ClaRUN.dll:Cla$LOGOUT 45E6A8,401238
ClaRUN.dll:Cla$longtostr 45E6AC
ClaRUN.dll:Cla$Mem2Ufo 45E6B0
ClaRUN.dll:Cla$MessageBox 45E6B4,401240
ClaRUN.dll:Cla$MONTH 45E6B8,401248
ClaRUN.dll:Cla$MOUSEX 45E6BC,401250
ClaRUN.dll:Cla$MOUSEY 45E6C0,401258
ClaRUN.dll:Cla$NewMemB 45E6C4
ClaRUN.dll:Cla$NewMemT 45E6C8
ClaRUN.dll:Cla$NewMemZ 45E6CC
ClaRUN.dll:Cla$NEWqueue 45E6D0
ClaRUN.dll:Cla$NOTIFICATION 45E6D4,401260
ClaRUN.dll:Cla$OPENowned 45E6D8,401268
ClaRUN.dll:Cla$OPENwindow 45E6DC,401270
ClaRUN.dll:Cla$paopen 45E6E0,401278
ClaRUN.dll:Cla$pmopen 45E6E4,401280
ClaRUN.dll:Cla$POINTERqueue 45E6E8,401288
ClaRUN.dll:Cla$PopAString 45E6EC
ClaRUN.dll:Cla$PopBind 45E6F0,401290
ClaRUN.dll:Cla$PopCString 45E6F4
ClaRUN.dll:Cla$PopReal 45E6F8
ClaRUN.dll:Cla$PopString 45E6FC
ClaRUN.dll:Cla$PopTemp 45E700
ClaRUN.dll:Cla$POPUP 45E704,401298
ClaRUN.dll:Cla$POST 45E708,4012A0
ClaRUN.dll:Cla$PRESSKEY 45E70C,4012A8
ClaRUN.dll:Cla$PRINTreport 45E710
ClaRUN.dll:Cla$propen 45E714,4012B0
ClaRUN.dll:Cla$PushAString 45E718
ClaRUN.dll:Cla$PushBind 45E71C,4012B8
ClaRUN.dll:Cla$PushCString 45E720
ClaRUN.dll:Cla$PushLong 45E724
ClaRUN.dll:Cla$PushPictDec 45E728
ClaRUN.dll:Cla$PushPictLong 45E72C
ClaRUN.dll:Cla$PushReal 45E730
ClaRUN.dll:Cla$PushString 45E734
ClaRUN.dll:Cla$PushUfo 45E738
ClaRUN.dll:Cla$PUTINI 45E73C,4012C0
ClaRUN.dll:Cla$PUTqueue 45E740
ClaRUN.dll:Cla$PUTqueuekey 45E744,4012C8
ClaRUN.dll:Cla$PUTREG 45E748,4012D0
ClaRUN.dll:Cla$pwopen 45E74C,4012D8
ClaRUN.dll:Cla$QUOTE 45E750,4012E0
ClaRUN.dll:Cla$realdistinct 45E754
ClaRUN.dll:Cla$RECORDSqueue 45E758,4012E8
ClaRUN.dll:Cla$RefAssignAny 45E75C
ClaRUN.dll:Cla$REGISTEREVENT 45E760,4012F0
ClaRUN.dll:Cla$REGULAR 45E764,4012F8
ClaRUN.dll:Cla$RemoveFile 45E768,401300
ClaRUN.dll:Cla$ROLLBACK 45E76C,401308
ClaRUN.dll:Cla$rterr 45E770,401310
ClaRUN.dll:Cla$RUN 45E774,401318
ClaRUN.dll:Cla$SELECT 45E778,401320
ClaRUN.dll:Cla$SETCURSOR 45E77C,401328
ClaRUN.dll:Cla$SETKEYCODE 45E780,401330
ClaRUN.dll:Cla$SETLAYOUT 45E784,401338
ClaRUN.dll:Cla$SETPOSITION 45E788,401340
ClaRUN.dll:Cla$SETPOSITIONw 45E78C,401348
ClaRUN.dll:Cla$SetPropF 45E790
ClaRUN.dll:Cla$SetPropQ 45E794
ClaRUN.dll:Cla$SetPropS 45E798
ClaRUN.dll:Cla$SetPropV 45E79C
ClaRUN.dll:Cla$SETTARGET 45E7A0,401350
ClaRUN.dll:Cla$SORTqueuekey 45E7A4,401358
ClaRUN.dll:Cla$SORTqueueskey 45E7A8
ClaRUN.dll:Cla$Stack2DStack 45E7AC
ClaRUN.dll:Cla$Stack2Ufo 45E7B0
ClaRUN.dll:Cla$StackCLIP 45E7B4,401360
ClaRUN.dll:Cla$StackCompareN 45E7B8
ClaRUN.dll:Cla$StackCompareNEQ 45E7BC
ClaRUN.dll:Cla$StackCompareR 45E7C0
ClaRUN.dll:Cla$StackConcat 45E7C4
ClaRUN.dll:Cla$StackConcatR 45E7C8
ClaRUN.dll:Cla$StackDEFORMAT2 45E7CC
ClaRUN.dll:Cla$StackErrstr 45E7D0,401368
ClaRUN.dll:Cla$StackHeap 45E7D4
ClaRUN.dll:Cla$StackINSTRING 45E7D8,401370
ClaRUN.dll:Cla$StackLEFT 45E7DC,401378
ClaRUN.dll:Cla$StackLen 45E7E0,401380
ClaRUN.dll:Cla$StackNUMERIC 45E7E4,401388
ClaRUN.dll:Cla$STACKpop 45E7E8
ClaRUN.dll:Cla$StackRotate 45E7EC
ClaRUN.dll:Cla$StackSUB 45E7F0,401390
ClaRUN.dll:Cla$StackUPPER 45E7F4,401398
ClaRUN.dll:Cla$START 45E7F8,4013A0
ClaRUN.dll:Cla$START2 45E7FC,4013A8
ClaRUN.dll:Cla$StartEventLoop 45E800
ClaRUN.dll:Cla$storebtdate 45E804
ClaRUN.dll:Cla$storecstr 45E808
ClaRUN.dll:Cla$storestr 45E80C
ClaRUN.dll:Cla$String2Ref 45E810
ClaRUN.dll:Cla$THREAD 45E814,4013B0
ClaRUN.dll:Cla$THREAD_FILE 45E818
ClaRUN.dll:Cla$TODAY 45E81C,4013B8
ClaRUN.dll:Cla$Ufo2Real 45E820
ClaRUN.dll:Cla$UfoCompareN 45E824
ClaRUN.dll:Cla$Ufodistinct 45E828
ClaRUN.dll:Cla$UNHIDE 45E82C,4013C0
ClaRUN.dll:Cla$UNREGISTEREVENT 45E830,4013C8
ClaRUN.dll:Cla$UPDATE 45E834,4013D0
ClaRUN.dll:Cla$VIEW_RESETvf 45E838,4013D8
ClaRUN.dll:Cla$VIEW_SETvl 45E83C,4013E0
ClaRUN.dll:Cla$WHAT 45E840,4013E8
ClaRUN.dll:Cla$WHATqueue 45E844,4013F0
ClaRUN.dll:Cla$WHOqueue 45E848,4013F8
ClaRUN.dll:Cla$YEAR 45E84C,401400
ClaRUN.dll:Cla$YIELD 45E850,401408
ClaRUN.dll:NewCriticalSection 45E854,401410
ClaRUN.dll:THR$GetInstance 45E858,401418
ClaRUN.dll:VIEWDRIVER 45E85C
ClaRUN.dll:_exit 45E860,401420
ClaRUN.dll:_fnsplit 45E864,401428
ClaRUN.dll:_free 45E868
ClaRUN.dll:_malloc 45E86C
ClaRUN.dll:__sysinit 45E870,401430
ClaRUN.dll:__sysstart 45E874,401438
ClaTPS.dll:TOPSPEED 45E884
KERNEL32.dll:MulDiv 45E894,401440
USER32.dll:GetSystemMetrics 45E8A4,401448



Entry Point:   42CCD0